Archive member included to satisfy reference by file (symbol)

/opt/devkitpro/libctru/lib/libctru.a(console.o)
                              main.o (consoleInit)
/opt/devkitpro/libctru/lib/libctru.a(gfx.o)
                              /opt/devkitpro/libctru/lib/libctru.a(console.o) (gfxIsWide)
/opt/devkitpro/libctru/lib/libctru.a(gspgpu.o)
                              /opt/devkitpro/libctru/lib/libctru.a(gfx.o) (gspInit)
/opt/devkitpro/libctru/lib/libctru.a(hid.o)
                              main.o (hidScanInput)
/opt/devkitpro/libctru/lib/libctru.a(apt.o)
                              main.o (aptMainLoop)
/opt/devkitpro/libctru/lib/libctru.a(ctru_init.o)
                              /opt/devkitpro/libctru/lib/libctru.a(apt.o) (__system_retAddr)
/opt/devkitpro/libctru/lib/libctru.a(initArgv.o)
                              /opt/devkitpro/libctru/lib/libctru.a(ctru_init.o) (__system_initArgv)
/opt/devkitpro/libctru/lib/libctru.a(svc.o)
                              /opt/devkitpro/libctru/lib/libctru.a(apt.o) (svcSleepThread)
/opt/devkitpro/libctru/lib/libctru.a(stack_adjust.o)
                              /opt/devkitpro/devkitARM/bin/../lib/gcc/arm-none-eabi/13.2.0/../../../../arm-none-eabi/lib/armv6k/fpu/3dsx_crt0.o (initSystem)
/opt/devkitpro/libctru/lib/libctru.a(default_font.bin.o)
                              /opt/devkitpro/libctru/lib/libctru.a(console.o) (default_font_bin)
/opt/devkitpro/libctru/lib/libctru.a(vram.o)
                              /opt/devkitpro/libctru/lib/libctru.a(gfx.o) (vramAlloc)
/opt/devkitpro/libctru/lib/libctru.a(linear.o)
                              /opt/devkitpro/libctru/lib/libctru.a(gfx.o) (linearAlloc)
/opt/devkitpro/libctru/lib/libctru.a(mem_pool.o)
                              /opt/devkitpro/libctru/lib/libctru.a(vram.o) (MemPool::Allocate(MemChunk&, unsigned long, int))
/opt/devkitpro/libctru/lib/libctru.a(synchronization.o)
                              /opt/devkitpro/libctru/lib/libctru.a(ctru_init.o) (__sync_init)
/opt/devkitpro/libctru/lib/libctru.a(os.o)
                              /opt/devkitpro/libctru/lib/libctru.a(apt.o) (__ctru_speedup_config)
/opt/devkitpro/libctru/lib/libctru.a(3dslink.o)
                              /opt/devkitpro/libctru/lib/libctru.a(initArgv.o) (__3dslink_host)
/opt/devkitpro/libctru/lib/libctru.a(srv.o)
                              /opt/devkitpro/libctru/lib/libctru.a(apt.o) (srvInit)
/opt/devkitpro/libctru/lib/libctru.a(thread.o)
                              /opt/devkitpro/libctru/lib/libctru.a(gspgpu.o) (threadCreate)
/opt/devkitpro/libctru/lib/libctru.a(mappable.o)
                              /opt/devkitpro/libctru/lib/libctru.a(gspgpu.o) (mappableAlloc)
/opt/devkitpro/libctru/lib/libctru.a(irrst.o)
                              /opt/devkitpro/libctru/lib/libctru.a(hid.o) (irrstInit)
/opt/devkitpro/libctru/lib/libctru.a(srvpm.o)
                              /opt/devkitpro/libctru/lib/libctru.a(srv.o) (srvPmGetSessionHandle)
/opt/devkitpro/libctru/lib/libctru.a(ptmsysm.o)
                              /opt/devkitpro/libctru/lib/libctru.a(os.o) (ptmSysmInit)
/opt/devkitpro/libctru/lib/libctru.a(soc_connect.o)
                              /opt/devkitpro/libctru/lib/libctru.a(3dslink.o) (connect)
/opt/devkitpro/libctru/lib/libctru.a(soc_socket.o)
                              /opt/devkitpro/libctru/lib/libctru.a(3dslink.o) (socket)
/opt/devkitpro/libctru/lib/libctru.a(soc_common.o)
                              /opt/devkitpro/libctru/lib/libctru.a(soc_connect.o) (_net_convert_error)
/opt/devkitpro/libctru/lib/libctru.a(rbtree_init.o)
                              /opt/devkitpro/libctru/lib/libctru.a(vram.o) (rbtree_init)
/opt/devkitpro/libctru/lib/libctru.a(rbtree_insert.o)
                              /opt/devkitpro/libctru/lib/libctru.a(vram.o) (rbtree_insert)
/opt/devkitpro/libctru/lib/libctru.a(rbtree_rotate.o)
                              /opt/devkitpro/libctru/lib/libctru.a(rbtree_insert.o) (rbtree_rotate)
/opt/devkitpro/libctru/lib/libctru.a(rbtree_remove.o)
                              /opt/devkitpro/libctru/lib/libctru.a(vram.o) (rbtree_remove)
/opt/devkitpro/libctru/lib/libctru.a(rbtree_find.o)
                              /opt/devkitpro/libctru/lib/libctru.a(vram.o) (rbtree_find)
/opt/devkitpro/libctru/lib/libctru.a(appInit.o)
                              /opt/devkitpro/libctru/lib/libctru.a(stack_adjust.o) (__appInit)
/opt/devkitpro/libctru/lib/libctru.a(syscalls.o)
                              /opt/devkitpro/libctru/lib/libctru.a(thread.o) (initThreadVars)
/opt/devkitpro/libctru/lib/libctru.a(allocateHeaps.o)
                              /opt/devkitpro/libctru/lib/libctru.a(ctru_init.o) (__system_allocateHeaps)
/opt/devkitpro/libctru/lib/libctru.a(appExit.o)
                              /opt/devkitpro/libctru/lib/libctru.a(stack_adjust.o) (__appExit)
/opt/devkitpro/libctru/lib/libctru.a(ctru_exit.o)
[...]
Memory Configuration

Name             Origin             Length             Attributes
*default*        0x00000000         0xffffffff

Linker script and memory map

                0x00100000                        PROVIDE (__start__ = 0x100000)
                0x00100000                        . = __start__

.text           0x00100000    0x20db0
 *(.crt0)
 .crt0          0x00100000       0x94 /opt/devkitpro/devkitARM/bin/../lib/gcc/arm-none-eabi/13.2.0/../../../../arm-none-eabi/lib/armv6k/fpu/3dsx_crt0.o
                0x00100000                _start
                0x00100008                __service_ptr
                0x0010000c                __apt_appid
                0x00100010                __heap_size
                0x00100014                __linear_heap_size
                0x00100018                __system_arglist
                0x0010001c                __system_runflags
 *(.init)
 .init          0x00100094        0xc /opt/devkitpro/devkitARM/bin/../lib/gcc/arm-none-eabi/13.2.0/armv6k/fpu/crti.o
                0x00100094                _init
 .init          0x001000a0        0xc /opt/devkitpro/devkitARM/bin/../lib/gcc/arm-none-eabi/13.2.0/armv6k/fpu/crtn.o
                0x001000ac                        . = ALIGN (0x4)
 *(.text)
 .text          0x001000ac      0x240 /opt/devkitpro/devkitARM/bin/../lib/gcc/arm-none-eabi/13.2.0/armv6k/fpu/libgcc.a(_divsi3.o)
                0x001000ac                __aeabi_idiv
                0x001000ac                __divsi3
                0x001002cc                __aeabi_idivmod
 .text          0x001002ec        0x4 /opt/devkitpro/devkitARM/bin/../lib/gcc/arm-none-eabi/13.2.0/armv6k/fpu/libgcc.a(_dvmd_tls.o)
                0x001002ec                __aeabi_ldiv0
                0x001002ec                __aeabi_idiv0
 .text          0x001002f0       0x3c /opt/devkitpro/devkitARM/bin/../lib/gcc/arm-none-eabi/13.2.0/armv6k/fpu/libgcc.a(_aeabi_uldivmod.o)
                0x001002f0                __aeabi_uldivmod
 *fill*         0x0010032c       0x14 
 .text          0x00100340      0x390 /opt/devkitpro/devkitARM/bin/../lib/gcc/arm-none-eabi/13.2.0/../../../../arm-none-eabi/lib/armv6k/fpu/libc.a(libc_a-strcmp.o)
                0x00100348                strcmp
 .text          0x001006d0      0x20c /opt/devkitpro/devkitARM/bin/../lib/gcc/arm-none-eabi/13.2.0/armv6k/fpu/libgcc.a(_udivsi3.o)
                0x001006d0                __udivsi3
                0x001006d0                __aeabi_uidiv
                0x001008bc                __aeabi_uidivmod
 .text          0x001008dc      0x3c0 /opt/devkitpro/devkitARM/bin/../lib/gcc/arm-none-eabi/13.2.0/armv6k/fpu/libgcc.a(_arm_addsubdf3.o)
                0x001008dc                __aeabi_drsub
                0x001008e4                __aeabi_dsub
                0x001008e4                __subdf3
                0x001008e8                __adddf3
                0x001008e8                __aeabi_dadd
                0x00100b94                __aeabi_ui2d
                0x00100b94                __floatunsidf
                0x00100bb8                __floatsidf
                0x00100bb8                __aeabi_i2d
                0x00100be0                __extendsfdf2
                0x00100be0                __aeabi_f2d
                0x00100c28                __aeabi_ul2d
                0x00100c28                __floatundidf
                0x00100c3c                __floatdidf
                0x00100c3c                __aeabi_l2d
 *(.text.*)
 .text.__do_global_dtors_aux
                0x00100c9c       0x40 /opt/devkitpro/devkitARM/bin/../lib/gcc/arm-none-eabi/13.2.0/armv6k/fpu/crtbegin.o
 .text.frame_dummy
                0x00100cdc       0x2c /opt/devkitpro/devkitARM/bin/../lib/gcc/arm-none-eabi/13.2.0/armv6k/fpu/crtbegin.o
 .text.startup.main
                0x00100d08      0x118 main.o
                0x00100d08                main
 .text.parseColor
                0x00100e20      0x1f4 /opt/devkitpro/libctru/lib/libctru.a(console.o)
 .text.consoleDrawChar
                0x00101014      0x1ac /opt/devkitpro/libctru/lib/libctru.a(console.o)
                0x00101014                consoleDrawChar
 .text.consolePrintChar
                0x001011c0      0x124 /opt/devkitpro/libctru/lib/libctru.a(console.o)
                0x001011c0                consolePrintChar
 .text.con_write
                0x001012e4      0xbe4 /opt/devkitpro/libctru/lib/libctru.a(console.o)
                0x001012e4                con_write
 .text.newRow   0x00101ec8       0xfc /opt/devkitpro/libctru/lib/libctru.a(console.o)
 .text.consoleInit
                0x00101fc4      0x168 /opt/devkitpro/libctru/lib/libctru.a(console.o)
                0x00101fc4                consoleInit
 .text.consoleClear
                0x0010212c       0xb8 /opt/devkitpro/libctru/lib/libctru.a(console.o)
                0x0010212c                consoleClear
 .text.gfxPresentFramebuffer
                0x001021e4       0xd0 /opt/devkitpro/libctru/lib/libctru.a(gfx.o)
 .text.gfxIsWide
                0x001022b4       0x1c /opt/devkitpro/libctru/lib/libctru.a(gfx.o)
                0x001022b4                gfxIsWide
 .text.gfxSetScreenFormat
                0x001022d0       0xec /opt/devkitpro/libctru/lib/libctru.a(gfx.o)
                0x001022d0                gfxSetScreenFormat
 .text.gfxSetDoubleBuffering
                0x001023bc       0x10 /opt/devkitpro/libctru/lib/libctru.a(gfx.o)
                0x001023bc                gfxSetDoubleBuffering
 .text.gfxInit  0x001023cc       0xe0 /opt/devkitpro/libctru/lib/libctru.a(gfx.o)
                0x001023cc                gfxInit
 .text.gfxInitDefault
                0x001024ac       0x10 /opt/devkitpro/libctru/lib/libctru.a(gfx.o)
                0x001024ac                gfxInitDefault
 .text.gfxExit  0x001024bc       0xb4 /opt/devkitpro/libctru/lib/libctru.a(gfx.o)
                0x001024bc                gfxExit
 .text.gfxGetFramebuffer
                0x00102570       0xa0 /opt/devkitpro/libctru/lib/libctru.a(gfx.o)
                0x00102570                gfxGetFramebuffer
 .text.gfxFlushBuffers
                0x00102610      0x104 /opt/devkitpro/libctru/lib/libctru.a(gfx.o)
                0x00102610                gfxFlushBuffers
 .text.gfxSwapBuffers
                0x00102714       0x50 /opt/devkitpro/libctru/lib/libctru.a(gfx.o)
                0x00102714                gfxSwapBuffers
 .text.gfxSwapBuffersGpu
                0x00102764       0x50 /opt/devkitpro/libctru/lib/libctru.a(gfx.o)
                0x00102764                gfxSwapBuffersGpu
 .text.gspHardwareInit
                0x001027b4      0xc64 /opt/devkitpro/libctru/lib/libctru.a(gspgpu.o)
 .text.gspInit  0x00103418      0x248 /opt/devkitpro/libctru/lib/libctru.a(gspgpu.o)
                0x00103418                gspInit
 .text.gspExit  0x00103660       0xf0 /opt/devkitpro/libctru/lib/libctru.a(gspgpu.o)
                0x00103660                gspExit
 .text.gspHasGpuRight
                0x00103750       0x10 /opt/devkitpro/libctru/lib/libctru.a(gspgpu.o)
                0x00103750                gspHasGpuRight
 .text.gspPresentBuffer
                0x00103760       0xa0 /opt/devkitpro/libctru/lib/libctru.a(gspgpu.o)
                0x00103760                gspPresentBuffer
 .text.gspWaitForEvent
                0x00103800       0x44 /opt/devkitpro/libctru/lib/libctru.a(gspgpu.o)
                0x00103800                gspWaitForEvent
 .text.gxCmdQueueInterrupt
                0x00103844        0x4 /opt/devkitpro/libctru/lib/libctru.a(gspgpu.o)
                0x00103844                gxCmdQueueInterrupt
 .text.gspEventThreadMain
                0x00103848      0x158 /opt/devkitpro/libctru/lib/libctru.a(gspgpu.o)
 .text.GSPGPU_FlushDataCache
                0x001039a0       0x50 /opt/devkitpro/libctru/lib/libctru.a(gspgpu.o)
                0x001039a0                GSPGPU_FlushDataCache
 .text.GSPGPU_SetLcdForceBlack
                0x001039f0       0x34 /opt/devkitpro/libctru/lib/libctru.a(gspgpu.o)
                0x001039f0                GSPGPU_SetLcdForceBlack
 .text.GSPGPU_AcquireRight
                0x00103a24       0x68 /opt/devkitpro/libctru/lib/libctru.a(gspgpu.o)
                0x00103a24                GSPGPU_AcquireRight
 .text.GSPGPU_ReleaseRight
                0x00103a8c       0x48 /opt/devkitpro/libctru/lib/libctru.a(gspgpu.o)
                0x00103a8c                GSPGPU_ReleaseRight
 .text.GSPGPU_ImportDisplayCaptureInfo
                0x00103ad4       0x7c /opt/devkitpro/libctru/lib/libctru.a(gspgpu.o)
                0x00103ad4                GSPGPU_ImportDisplayCaptureInfo
 .text.GSPGPU_SaveVramSysArea
                0x00103b50       0x2c /opt/devkitpro/libctru/lib/libctru.a(gspgpu.o)
                0x00103b50                GSPGPU_SaveVramSysArea
 .text.GSPGPU_RestoreVramSysArea
                0x00103b7c       0x2c /opt/devkitpro/libctru/lib/libctru.a(gspgpu.o)
                0x00103b7c                GSPGPU_RestoreVramSysArea
 .text.hidShouldUseIrrst
                0x00103ba8       0x24 /opt/devkitpro/libctru/lib/libctru.a(hid.o)
                0x00103ba8                hidShouldUseIrrst
 .text.hidInit  0x00103bcc      0x18c /opt/devkitpro/libctru/lib/libctru.a(hid.o)
                0x00103bcc                hidInit
 .text.hidExit  0x00103d58       0xe8 /opt/devkitpro/libctru/lib/libctru.a(hid.o)
                0x00103d58                hidExit
 .text.hidScanInput
                0x00103e40      0x2a4 /opt/devkitpro/libctru/lib/libctru.a(hid.o)
                0x00103e40                hidScanInput
 .text.hidKeysDown
                0x001040e4       0x10 /opt/devkitpro/libctru/lib/libctru.a(hid.o)
                0x001040e4                hidKeysDown
 .text.aptConvertScreenForCapture
                0x001040f4      0x1ac /opt/devkitpro/libctru/lib/libctru.a(apt.o)
 .text.aptDspSleep
                0x001042a0        0x8 /opt/devkitpro/libctru/lib/libctru.a(apt.o)
                0x001042a0                aptDspSleep
 .text.aptDspWakeup
                0x001042a8        0x4 /opt/devkitpro/libctru/lib/libctru.a(apt.o)
                0x001042a8                aptDspWakeup
 .text.aptDspCancel
                0x001042ac        0x4 /opt/devkitpro/libctru/lib/libctru.a(apt.o)
                0x001042ac                aptDspCancel
 .text.aptSendCommand
                0x001042b0      0x158 /opt/devkitpro/libctru/lib/libctru.a(apt.o)
                0x001042b0                aptSendCommand
 .text.aptExitProcess
                0x00104408       0x44 /opt/devkitpro/libctru/lib/libctru.a(apt.o)
 .text.aptExit  0x0010444c      0x38c /opt/devkitpro/libctru/lib/libctru.a(apt.o)
                0x0010444c                aptExit
 .text.aptHandleSleep
                0x001047d8       0xe0 /opt/devkitpro/libctru/lib/libctru.a(apt.o)
                0x001047d8                aptHandleSleep
 .text.APT_SleepIfShellClosed
                0x001048b8       0x84 /opt/devkitpro/libctru/lib/libctru.a(apt.o)
                0x001048b8                APT_SleepIfShellClosed
 .text.aptSetSleepAllowed
                0x0010493c       0x84 /opt/devkitpro/libctru/lib/libctru.a(apt.o)
                0x0010493c                aptSetSleepAllowed
 .text.APT_UnlockTransition
                0x001049c0       0x84 /opt/devkitpro/libctru/lib/libctru.a(apt.o)
                0x001049c0                APT_UnlockTransition
 *fill*         0x00104a44        0x4 
 .text.aptEventHandler
                0x00104a48      0x4a4 /opt/devkitpro/libctru/lib/libctru.a(apt.o)
 .text.APT_ReceiveParameter
                0x00104eec       0xb0 /opt/devkitpro/libctru/lib/libctru.a(apt.o)
                0x00104eec                APT_ReceiveParameter
 .text.aptReceiveParameter.constprop.0
                0x00104f9c       0xac /opt/devkitpro/libctru/lib/libctru.a(apt.o)
 .text.aptScreenTransfer
                0x00105048      0x2ac /opt/devkitpro/libctru/lib/libctru.a(apt.o)
 .text.aptWaitForWakeUp.isra.0
                0x001052f4      0x320 /opt/devkitpro/libctru/lib/libctru.a(apt.o)
 .text.aptJumpToHomeMenu
                0x00105614       0xf8 /opt/devkitpro/libctru/lib/libctru.a(apt.o)
                0x00105614                aptJumpToHomeMenu
 .text.aptMainLoop
                0x0010570c       0x48 /opt/devkitpro/libctru/lib/libctru.a(apt.o)
                0x0010570c                aptMainLoop
 .text.aptInit  0x00105754      0x22c /opt/devkitpro/libctru/lib/libctru.a(apt.o)
                0x00105754                aptInit
 .text.APT_CheckNew3DS
                0x00105980       0x7c /opt/devkitpro/libctru/lib/libctru.a(apt.o)
                0x00105980                APT_CheckNew3DS
 .text.__libctru_init
                0x001059fc       0x38 /opt/devkitpro/libctru/lib/libctru.a(ctru_init.o)
                0x001059fc                __libctru_init
 .text.__system_initArgv
                0x00105a34      0x170 /opt/devkitpro/libctru/lib/libctru.a(initArgv.o)
                0x00105a34                __system_initArgv
 .text.svcControlMemory
                0x00105ba4       0x20 /opt/devkitpro/libctru/lib/libctru.a(svc.o)
                0x00105ba4                svcControlMemory
 .text.svcQueryMemory
                0x00105bc4       0x30 /opt/devkitpro/libctru/lib/libctru.a(svc.o)
                0x00105bc4                svcQueryMemory
 .text.svcExitProcess
                0x00105bf4        0x8 /opt/devkitpro/libctru/lib/libctru.a(svc.o)
                0x00105bf4                svcExitProcess
 .text.svcCreateThread
                0x00105bfc       0x20 /opt/devkitpro/libctru/lib/libctru.a(svc.o)
                0x00105bfc                svcCreateThread
 .text.svcExitThread
                0x00105c1c        0x8 /opt/devkitpro/libctru/lib/libctru.a(svc.o)
                0x00105c1c                svcExitThread
 .text.svcSleepThread
                0x00105c24        0x8 /opt/devkitpro/libctru/lib/libctru.a(svc.o)
                0x00105c24                svcSleepThread
 .text.svcReleaseMutex
                0x00105c2c        0x8 /opt/devkitpro/libctru/lib/libctru.a(svc.o)
                0x00105c2c                svcReleaseMutex
 .text.svcCreateEvent
                0x00105c34       0x14 /opt/devkitpro/libctru/lib/libctru.a(svc.o)
                0x00105c34                svcCreateEvent
 .text.svcSignalEvent
                0x00105c48        0x8 /opt/devkitpro/libctru/lib/libctru.a(svc.o)
                0x00105c48                svcSignalEvent
 .text.svcClearEvent
                0x00105c50        0x8 /opt/devkitpro/libctru/lib/libctru.a(svc.o)
                0x00105c50                svcClearEvent
 .text.svcMapMemoryBlock
                0x00105c58        0x8 /opt/devkitpro/libctru/lib/libctru.a(svc.o)
                0x00105c58                svcMapMemoryBlock
 .text.svcUnmapMemoryBlock
                0x00105c60        0x8 /opt/devkitpro/libctru/lib/libctru.a(svc.o)
                0x00105c60                svcUnmapMemoryBlock
 .text.svcCreateAddressArbiter
                0x00105c68       0x14 /opt/devkitpro/libctru/lib/libctru.a(svc.o)
                0x00105c68                svcCreateAddressArbiter
 .text.svcArbitrateAddressNoTimeout
                0x00105c7c        0x8 /opt/devkitpro/libctru/lib/libctru.a(svc.o)
                0x00105c7c                svcArbitrateAddressNoTimeout
 .text.svcCloseHandle
                0x00105c84        0x8 /opt/devkitpro/libctru/lib/libctru.a(svc.o)
                0x00105c84                svcCloseHandle
 .text.svcWaitSynchronization
                0x00105c8c        0x8 /opt/devkitpro/libctru/lib/libctru.a(svc.o)
                0x00105c8c                svcWaitSynchronization
 .text.svcWaitSynchronizationN
                0x00105c94       0x28 /opt/devkitpro/libctru/lib/libctru.a(svc.o)
                0x00105c94                svcWaitSynchronizationN
 .text.svcDuplicateHandle
                0x00105cbc       0x14 /opt/devkitpro/libctru/lib/libctru.a(svc.o)
                0x00105cbc                svcDuplicateHandle
 .text.svcConnectToPort
                0x00105cd0       0x14 /opt/devkitpro/libctru/lib/libctru.a(svc.o)
                0x00105cd0                svcConnectToPort
 .text.svcSendSyncRequest
                0x00105ce4        0x8 /opt/devkitpro/libctru/lib/libctru.a(svc.o)
                0x00105ce4                svcSendSyncRequest
 .text.svcGetResourceLimit
                0x00105cec       0x14 /opt/devkitpro/libctru/lib/libctru.a(svc.o)
                0x00105cec                svcGetResourceLimit
 .text.svcGetResourceLimitLimitValues
                0x00105d00        0x8 /opt/devkitpro/libctru/lib/libctru.a(svc.o)
                0x00105d00                svcGetResourceLimitLimitValues
 .text.svcGetResourceLimitCurrentValues
                0x00105d08        0x8 /opt/devkitpro/libctru/lib/libctru.a(svc.o)
                0x00105d08                svcGetResourceLimitCurrentValues
 .text.svcBreak
                0x00105d10        0x8 /opt/devkitpro/libctru/lib/libctru.a(svc.o)
                0x00105d10                svcBreak
 .text.initSystem
                0x00105d18       0x50 /opt/devkitpro/libctru/lib/libctru.a(stack_adjust.o)
                0x00105d18                initSystem
 .text.__ctru_exit
                0x00105d68       0x18 /opt/devkitpro/libctru/lib/libctru.a(stack_adjust.o)
                0x00105d68                __ctru_exit
 .text._ZL21addrMapNodeComparatorPK11rbtree_nodeS1_
                0x00105d80       0x24 /opt/devkitpro/libctru/lib/libctru.a(vram.o)
 .text._ZL21addrMapNodeDestructorP11rbtree_node
                0x00105da4        0x4 /opt/devkitpro/libctru/lib/libctru.a(vram.o)
 .text.vramMemAlignAt
                0x00105da8      0x24c /opt/devkitpro/libctru/lib/libctru.a(vram.o)
                0x00105da8                vramMemAlignAt
 .text.vramAlloc
                0x00105ff4        0xc /opt/devkitpro/libctru/lib/libctru.a(vram.o)
                0x00105ff4                vramAlloc
 .text.vramFree
                0x00106000       0x90 /opt/devkitpro/libctru/lib/libctru.a(vram.o)
                0x00106000                vramFree
 .text._ZL21addrMapNodeComparatorPK11rbtree_nodeS1_
                0x00106090       0x24 /opt/devkitpro/libctru/lib/libctru.a(linear.o)
 .text._ZL21addrMapNodeDestructorP11rbtree_node
                0x001060b4        0x4 /opt/devkitpro/libctru/lib/libctru.a(linear.o)
 .text.linearMemAlign
                0x001060b8      0x120 /opt/devkitpro/libctru/lib/libctru.a(linear.o)
                0x001060b8                linearMemAlign
 .text.linearAlloc
                0x001061d8        0x8 /opt/devkitpro/libctru/lib/libctru.a(linear.o)
                0x001061d8                linearAlloc
 .text.linearFree
                0x001061e0       0x5c /opt/devkitpro/libctru/lib/libctru.a(linear.o)
                0x001061e0                linearFree
 .text._ZN7MemPool13CoalesceRightEP8MemBlock
                0x0010623c       0x80 /opt/devkitpro/libctru/lib/libctru.a(mem_pool.o)
                0x0010623c                MemPool::CoalesceRight(MemBlock*)
 .text._ZN7MemPool8AllocateER8MemChunkmi
                0x001062bc      0x16c /opt/devkitpro/libctru/lib/libctru.a(mem_pool.o)
                0x001062bc                MemPool::Allocate(MemChunk&, unsigned long, int)
 .text._ZN7MemPool10DeallocateERK8MemChunk
                0x00106428       0xfc /opt/devkitpro/libctru/lib/libctru.a(mem_pool.o)
                0x00106428                MemPool::Deallocate(MemChunk const&)
 .text._ZN7MemPool12GetFreeSpaceEv
                0x00106524       0x30 /opt/devkitpro/libctru/lib/libctru.a(mem_pool.o)
                0x00106524                MemPool::GetFreeSpace()
 .text.__sync_init
                0x00106554        0xc /opt/devkitpro/libctru/lib/libctru.a(synchronization.o)
                0x00106554                __sync_init
 .text.__sync_fini
                0x00106560       0x18 /opt/devkitpro/libctru/lib/libctru.a(synchronization.o)
                0x00106560                __sync_fini
 .text.syncArbitrateAddress
                0x00106578       0x2c /opt/devkitpro/libctru/lib/libctru.a(synchronization.o)
                0x00106578                syncArbitrateAddress
 .text.LightLock_Lock
                0x001065a4       0xac /opt/devkitpro/libctru/lib/libctru.a(synchronization.o)
                0x001065a4                LightLock_Lock
 .text.LightLock_Unlock
                0x00106650       0x40 /opt/devkitpro/libctru/lib/libctru.a(synchronization.o)
                0x00106650                LightLock_Unlock
 .text.RecursiveLock_Lock
                0x00106690       0x30 /opt/devkitpro/libctru/lib/libctru.a(synchronization.o)
                0x00106690                RecursiveLock_Lock
 .text.RecursiveLock_Unlock
                0x001066c0       0x54 /opt/devkitpro/libctru/lib/libctru.a(synchronization.o)
                0x001066c0                RecursiveLock_Unlock
 .text.LightEvent_Init
                0x00106714       0x40 /opt/devkitpro/libctru/lib/libctru.a(synchronization.o)
                0x00106714                LightEvent_Init
 .text.LightEvent_Clear
                0x00106754       0xa4 /opt/devkitpro/libctru/lib/libctru.a(synchronization.o)
                0x00106754                LightEvent_Clear
 .text.LightEvent_Signal
                0x001067f8       0xc8 /opt/devkitpro/libctru/lib/libctru.a(synchronization.o)
                0x001067f8                LightEvent_Signal
 .text.LightEvent_TryWait
                0x001068c0       0x50 /opt/devkitpro/libctru/lib/libctru.a(synchronization.o)
                0x001068c0                LightEvent_TryWait
 .text.LightEvent_Wait
                0x00106910       0xa0 /opt/devkitpro/libctru/lib/libctru.a(synchronization.o)
                0x00106910                LightEvent_Wait
 .text.__ctru_speedup_config
                0x001069b0       0x34 /opt/devkitpro/libctru/lib/libctru.a(os.o)
                0x001069b0                __ctru_speedup_config
 .text.srvInit  0x001069e4      0x12c /opt/devkitpro/libctru/lib/libctru.a(srv.o)
                0x001069e4                srvInit
 .text.srvExit  0x00106b10       0x58 /opt/devkitpro/libctru/lib/libctru.a(srv.o)
                0x00106b10                srvExit
 .text.srvEnableNotification
                0x00106b68       0x60 /opt/devkitpro/libctru/lib/libctru.a(srv.o)
                0x00106b68                srvEnableNotification
 .text.srvGetServiceHandleDirect
                0x00106bc8       0xa0 /opt/devkitpro/libctru/lib/libctru.a(srv.o)
                0x00106bc8                srvGetServiceHandleDirect
 .text.srvGetServiceHandle
                0x00106c68       0x38 /opt/devkitpro/libctru/lib/libctru.a(srv.o)
                0x00106c68                srvGetServiceHandle
 .text.srvSubscribe
                0x00106ca0       0x34 /opt/devkitpro/libctru/lib/libctru.a(srv.o)
                0x00106ca0                srvSubscribe
 .text.srvReceiveNotification
                0x00106cd4       0x60 /opt/devkitpro/libctru/lib/libctru.a(srv.o)
                0x00106cd4                srvReceiveNotification
 .text.srvPublishToSubscriber
                0x00106d34       0x38 /opt/devkitpro/libctru/lib/libctru.a(srv.o)
                0x00106d34                srvPublishToSubscriber
 .text.threadCreate
                0x00106d6c      0x1d8 /opt/devkitpro/libctru/lib/libctru.a(thread.o)
                0x00106d6c                threadCreate
 .text.threadFree
                0x00106f44       0x2c /opt/devkitpro/libctru/lib/libctru.a(thread.o)
                0x00106f44                threadFree
 .text.threadJoin
                0x00106f70       0x24 /opt/devkitpro/libctru/lib/libctru.a(thread.o)
                0x00106f70                threadJoin
 .text.threadGetCurrent
                0x00106f94       0x30 /opt/devkitpro/libctru/lib/libctru.a(thread.o)
                0x00106f94                threadGetCurrent
 .text.threadExit
                0x00106fc4       0x40 /opt/devkitpro/libctru/lib/libctru.a(thread.o)
                0x00106fc4                threadExit
 .text._thread_begin
                0x00107004       0x20 /opt/devkitpro/libctru/lib/libctru.a(thread.o)
 .text.mappableFindAddressWithin
                0x00107024       0xb4 /opt/devkitpro/libctru/lib/libctru.a(mappable.o)
 .text.mappableInit
                0x001070d8       0x28 /opt/devkitpro/libctru/lib/libctru.a(mappable.o)
                0x001070d8                mappableInit
 .text.mappableAlloc
                0x00107100       0x80 /opt/devkitpro/libctru/lib/libctru.a(mappable.o)
                0x00107100                mappableAlloc
 .text.mappableFree
                0x00107180        0x4 /opt/devkitpro/libctru/lib/libctru.a(mappable.o)
                0x00107180                mappableFree
 .text.irrstInit
                0x00107184      0x160 /opt/devkitpro/libctru/lib/libctru.a(irrst.o)
                0x00107184                irrstInit
 .text.irrstExit
                0x001072e4       0xcc /opt/devkitpro/libctru/lib/libctru.a(irrst.o)
                0x001072e4                irrstExit
 .text.irrstScanInput
                0x001073b0       0xb4 /opt/devkitpro/libctru/lib/libctru.a(irrst.o)
                0x001073b0                irrstScanInput
 .text.irrstKeysHeld
                0x00107464       0x24 /opt/devkitpro/libctru/lib/libctru.a(irrst.o)
                0x00107464                irrstKeysHeld
 .text.srvPmGetSessionHandle
                0x00107488        0xc /opt/devkitpro/libctru/lib/libctru.a(srvpm.o)
                0x00107488                srvPmGetSessionHandle
 .text.ptmSysmInit
                0x00107494       0x74 /opt/devkitpro/libctru/lib/libctru.a(ptmsysm.o)
                0x00107494                ptmSysmInit
 .text.ptmSysmExit
                0x00107508       0x3c /opt/devkitpro/libctru/lib/libctru.a(ptmsysm.o)
                0x00107508                ptmSysmExit
 .text.PTMSYSM_ConfigureNew3DSCPU
                0x00107544       0x34 /opt/devkitpro/libctru/lib/libctru.a(ptmsysm.o)
                0x00107544                PTMSYSM_ConfigureNew3DSCPU
 .text.rbtree_init
                0x00107578       0x10 /opt/devkitpro/libctru/lib/libctru.a(rbtree_init.o)
                0x00107578                rbtree_init
 .text.do_insert
                0x00107588      0x1b0 /opt/devkitpro/libctru/lib/libctru.a(rbtree_insert.o)
 .text.rbtree_insert
                0x00107738        0x8 /opt/devkitpro/libctru/lib/libctru.a(rbtree_insert.o)
                0x00107738                rbtree_insert
 .text.rbtree_rotate
                0x00107740       0x90 /opt/devkitpro/libctru/lib/libctru.a(rbtree_rotate.o)
                0x00107740                rbtree_rotate
 .text.rbtree_remove
                0x001077d0      0x318 /opt/devkitpro/libctru/lib/libctru.a(rbtree_remove.o)
                0x001077d0                rbtree_remove
 .text.rbtree_find
                0x00107ae8       0x74 /opt/devkitpro/libctru/lib/libctru.a(rbtree_find.o)
                0x00107ae8                rbtree_find
 .text.__appInit
                0x00107b5c       0x30 /opt/devkitpro/libctru/lib/libctru.a(appInit.o)
                0x00107b5c                __appInit
 .text.__syscall_getreent
                0x00107b8c       0x30 /opt/devkitpro/libctru/lib/libctru.a(syscalls.o)
                0x00107b8c                __syscall_getreent
 .text.__syscall_lock_acquire
                0x00107bbc        0x4 /opt/devkitpro/libctru/lib/libctru.a(syscalls.o)
                0x00107bbc                __syscall_lock_acquire
 .text.__syscall_lock_release
                0x00107bc0        0x4 /opt/devkitpro/libctru/lib/libctru.a(syscalls.o)
                0x00107bc0                __syscall_lock_release
 .text.__syscall_lock_acquire_recursive
                0x00107bc4        0x4 /opt/devkitpro/libctru/lib/libctru.a(syscalls.o)
                0x00107bc4                __syscall_lock_acquire_recursive
 .text.__syscall_lock_release_recursive
                0x00107bc8        0x4 /opt/devkitpro/libctru/lib/libctru.a(syscalls.o)
                0x00107bc8                __syscall_lock_release_recursive
 .text.__syscall_exit
                0x00107bcc        0x4 /opt/devkitpro/libctru/lib/libctru.a(syscalls.o)
                0x00107bcc                __syscall_exit
 .text.initThreadVars
                0x00107bd0       0x50 /opt/devkitpro/libctru/lib/libctru.a(syscalls.o)
                0x00107bd0                initThreadVars
 .text.__system_initSyscalls
                0x00107c20       0x80 /opt/devkitpro/libctru/lib/libctru.a(syscalls.o)
                0x00107c20                __system_initSyscalls
 .text.__system_allocateHeaps
                0x00107ca0      0x1e0 /opt/devkitpro/libctru/lib/libctru.a(allocateHeaps.o)
                0x00107ca0                __system_allocateHeaps
 .text.__appExit
                0x00107e80       0x30 /opt/devkitpro/libctru/lib/libctru.a(appExit.o)
                0x00107e80                __appExit
 .text.__libctru_exit
                0x00107eb0       0x90 /opt/devkitpro/libctru/lib/libctru.a(ctru_exit.o)
                0x00107eb0                __libctru_exit
 .text.envGetHandle
                0x00107f40       0x84 /opt/devkitpro/libctru/lib/libctru.a(env.o)
                0x00107f40                envGetHandle
 .text.envDestroyHandles
                0x00107fc4       0x50 /opt/devkitpro/libctru/lib/libctru.a(env.o)
                0x00107fc4                envDestroyHandles
 .text.archive_link
                0x00108014       0x14 /opt/devkitpro/libctru/lib/libctru.a(archive_dev.o)
 .text.archive_dirreset
                0x00108028       0x14 /opt/devkitpro/libctru/lib/libctru.a(archive_dev.o)
 .text.archive_chmod
                0x0010803c       0x14 /opt/devkitpro/libctru/lib/libctru.a(archive_dev.o)
 .text.error_cmp
                0x00108050       0x24 /opt/devkitpro/libctru/lib/libctru.a(archive_dev.o)
 .text.archive_translate_error
                0x00108074       0x50 /opt/devkitpro/libctru/lib/libctru.a(archive_dev.o)
 .text.archive_seek
                0x001080c4       0xc8 /opt/devkitpro/libctru/lib/libctru.a(archive_dev.o)
 .text._archiveInit.part.0
                0x0010818c       0x7c /opt/devkitpro/libctru/lib/libctru.a(archive_dev.o)
 .text.archiveFindDevice.part.0
                0x00108208       0xc4 /opt/devkitpro/libctru/lib/libctru.a(archive_dev.o)
 .text.archive_utf16path
                0x001082cc      0x280 /opt/devkitpro/libctru/lib/libctru.a(archive_dev.o)
 .text._archiveUnmountDeviceStruct.part.0
                0x0010854c       0x9c /opt/devkitpro/libctru/lib/libctru.a(archive_dev.o)
 .text.archive_fchmod
                0x001085e8       0x14 /opt/devkitpro/libctru/lib/libctru.a(archive_dev.o)
 .text.archive_statvfs
                0x001085fc       0x14 /opt/devkitpro/libctru/lib/libctru.a(archive_dev.o)
 .text._archiveMountDevice
                0x00108610      0x164 /opt/devkitpro/libctru/lib/libctru.a(archive_dev.o)
 .text.archive_diropen
                0x00108774       0xe8 /opt/devkitpro/libctru/lib/libctru.a(archive_dev.o)
 .text.archive_fstat
                0x0010885c       0xa4 /opt/devkitpro/libctru/lib/libctru.a(archive_dev.o)
 .text.archive_fsync
                0x00108900       0x6c /opt/devkitpro/libctru/lib/libctru.a(archive_dev.o)
 .text.archive_close
                0x0010896c       0x6c /opt/devkitpro/libctru/lib/libctru.a(archive_dev.o)
 .text.archive_dirclose
                0x001089d8       0x70 /opt/devkitpro/libctru/lib/libctru.a(archive_dev.o)
 .text.sdmc_statvfs
                0x00108a48       0xe8 /opt/devkitpro/libctru/lib/libctru.a(archive_dev.o)
 .text.archive_chdir
                0x00108b30       0xec /opt/devkitpro/libctru/lib/libctru.a(archive_dev.o)
 .text.archive_ftruncate
                0x00108c1c       0x7c /opt/devkitpro/libctru/lib/libctru.a(archive_dev.o)
 .text.archive_read
                0x00108c98       0xac /opt/devkitpro/libctru/lib/libctru.a(archive_dev.o)
 .text.archive_unlink
                0x00108d44       0xa4 /opt/devkitpro/libctru/lib/libctru.a(archive_dev.o)
 .text.archive_rmdir
                0x00108de8       0xbc /opt/devkitpro/libctru/lib/libctru.a(archive_dev.o)
 .text.archive_mkdir
                0x00108ea4       0xdc /opt/devkitpro/libctru/lib/libctru.a(archive_dev.o)
 .text.archive_stat
                0x00108f80      0x194 /opt/devkitpro/libctru/lib/libctru.a(archive_dev.o)
 .text.archive_dirnext
                0x00109114      0x160 /opt/devkitpro/libctru/lib/libctru.a(archive_dev.o)
 .text.archive_write
                0x00109274      0x124 /opt/devkitpro/libctru/lib/libctru.a(archive_dev.o)
 .text.archive_open
                0x00109398      0x20c /opt/devkitpro/libctru/lib/libctru.a(archive_dev.o)
 .text.archive_rename
                0x001095a4      0x278 /opt/devkitpro/libctru/lib/libctru.a(archive_dev.o)
 .text.archiveMountSdmc
                0x0010981c      0x19c /opt/devkitpro/libctru/lib/libctru.a(archive_dev.o)
                0x0010981c                archiveMountSdmc
 .text.archiveUnmountAll
                0x001099b8       0x54 /opt/devkitpro/libctru/lib/libctru.a(archive_dev.o)
                0x001099b8                archiveUnmountAll
 .text.fsInit   0x00109a0c       0xcc /opt/devkitpro/libctru/lib/libctru.a(fs.o)
                0x00109a0c                fsInit
 .text.fsExit   0x00109ad8       0x3c /opt/devkitpro/libctru/lib/libctru.a(fs.o)
                0x00109ad8                fsExit
 .text.fsExemptFromSession
                0x00109b14       0x60 /opt/devkitpro/libctru/lib/libctru.a(fs.o)
                0x00109b14                fsExemptFromSession
 .text.fsUnexemptFromSession
                0x00109b74       0x50 /opt/devkitpro/libctru/lib/libctru.a(fs.o)
                0x00109b74                fsUnexemptFromSession
 .text.FSUSER_OpenFile
                0x00109bc4       0xcc /opt/devkitpro/libctru/lib/libctru.a(fs.o)
                0x00109bc4                FSUSER_OpenFile
 .text.FSUSER_DeleteFile
                0x00109c90       0xbc /opt/devkitpro/libctru/lib/libctru.a(fs.o)
                0x00109c90                FSUSER_DeleteFile
 .text.FSUSER_RenameFile
                0x00109d4c       0xf8 /opt/devkitpro/libctru/lib/libctru.a(fs.o)
                0x00109d4c                FSUSER_RenameFile
 .text.FSUSER_DeleteDirectory
                0x00109e44       0xbc /opt/devkitpro/libctru/lib/libctru.a(fs.o)
                0x00109e44                FSUSER_DeleteDirectory
 .text.FSUSER_CreateFile
                0x00109f00       0xd4 /opt/devkitpro/libctru/lib/libctru.a(fs.o)
                0x00109f00                FSUSER_CreateFile
 .text.FSUSER_CreateDirectory
                0x00109fd4       0xc4 /opt/devkitpro/libctru/lib/libctru.a(fs.o)
                0x00109fd4                FSUSER_CreateDirectory
 .text.FSUSER_RenameDirectory
                0x0010a098       0xf8 /opt/devkitpro/libctru/lib/libctru.a(fs.o)
                0x0010a098                FSUSER_RenameDirectory
 .text.FSUSER_OpenDirectory
                0x0010a190       0xb4 /opt/devkitpro/libctru/lib/libctru.a(fs.o)
                0x0010a190                FSUSER_OpenDirectory
 .text.FSUSER_OpenArchive
                0x0010a244       0x94 /opt/devkitpro/libctru/lib/libctru.a(fs.o)
                0x0010a244                FSUSER_OpenArchive
 .text.FSUSER_CloseArchive
                0x0010a2d8       0x8c /opt/devkitpro/libctru/lib/libctru.a(fs.o)
                0x0010a2d8                FSUSER_CloseArchive
 .text.FSUSER_GetSdmcArchiveResource
                0x0010a364       0x74 /opt/devkitpro/libctru/lib/libctru.a(fs.o)
                0x0010a364                FSUSER_GetSdmcArchiveResource
 .text.FSUSER_IsSdmcWritable
                0x0010a3d8       0x64 /opt/devkitpro/libctru/lib/libctru.a(fs.o)
                0x0010a3d8                FSUSER_IsSdmcWritable
 .text.FSFILE_Read
                0x0010a43c       0x58 /opt/devkitpro/libctru/lib/libctru.a(fs.o)
                0x0010a43c                FSFILE_Read
 .text.FSFILE_Write
                0x0010a494       0x60 /opt/devkitpro/libctru/lib/libctru.a(fs.o)
                0x0010a494                FSFILE_Write
 .text.FSFILE_GetSize
                0x0010a4f4       0x38 /opt/devkitpro/libctru/lib/libctru.a(fs.o)
                0x0010a4f4                FSFILE_GetSize
 .text.FSFILE_SetSize
                0x0010a52c       0x28 /opt/devkitpro/libctru/lib/libctru.a(fs.o)
                0x0010a52c                FSFILE_SetSize
 .text.FSFILE_Close
                0x0010a554       0x3c /opt/devkitpro/libctru/lib/libctru.a(fs.o)
                0x0010a554                FSFILE_Close
 .text.FSFILE_Flush
                0x0010a590       0x24 /opt/devkitpro/libctru/lib/libctru.a(fs.o)
                0x0010a590                FSFILE_Flush
 .text.FSDIR_Read
                0x0010a5b4       0x50 /opt/devkitpro/libctru/lib/libctru.a(fs.o)
                0x0010a5b4                FSDIR_Read
 .text.FSDIR_Close
                0x0010a604       0x3c /opt/devkitpro/libctru/lib/libctru.a(fs.o)
                0x0010a604                FSDIR_Close
 .text.rbtree_node_next
                0x0010a640       0x5c /opt/devkitpro/libctru/lib/libctru.a(rbtree_iterator.o)
                0x0010a640                rbtree_node_next
 .text.utf8_to_utf16
                0x0010a69c       0xc0 /opt/devkitpro/libctru/lib/libctru.a(utf8_to_utf16.o)
                0x0010a69c                utf8_to_utf16
 .text.decode_utf8
                0x0010a75c      0x13c /opt/devkitpro/libctru/lib/libctru.a(decode_utf8.o)
                0x0010a75c                decode_utf8
 .text.utf16_to_utf8
                0x0010a898       0xe8 /opt/devkitpro/libctru/lib/libctru.a(utf16_to_utf8.o)
                0x0010a898                utf16_to_utf8
 .text.__aeabi_read_tp
                0x0010a980        0xc /opt/devkitpro/libctru/lib/libctru.a(readtp.o)
                0x0010a980                __aeabi_read_tp
 .text.encode_utf16
                0x0010a98c       0x54 /opt/devkitpro/libctru/lib/libctru.a(encode_utf16.o)
                0x0010a98c                encode_utf16
 .text.encode_utf8
                0x0010a9e0       0xe0 /opt/devkitpro/libctru/lib/libctru.a(encode_utf8.o)
                0x0010a9e0                encode_utf8
 .text.decode_utf16
                0x0010aac0       0x64 /opt/devkitpro/libctru/lib/libctru.a(decode_utf16.o)
                0x0010aac0                decode_utf16
 .text.__udivmoddi4
                0x0010ab24      0x120 /opt/devkitpro/devkitARM/bin/../lib/gcc/arm-none-eabi/13.2.0/armv6k/fpu/libgcc.a(_udivmoddi4.o)
                0x0010ab24                __udivmoddi4
 .text.printf   0x0010ac44       0x34 /opt/devkitpro/devkitARM/bin/../lib/gcc/arm-none-eabi/13.2.0/../../../../arm-none-eabi/lib/armv6k/fpu/libc.a(libc_a-printf.o)
                0x0010ac44                printf
 .text.memalign
                0x0010ac78       0x20 /opt/devkitpro/devkitARM/bin/../lib/gcc/arm-none-eabi/13.2.0/../../../../arm-none-eabi/lib/armv6k/fpu/libc.a(libc_a-malign.o)
                0x0010ac78                memalign
 .text._memalign_r
                0x0010ac98      0x14c /opt/devkitpro/devkitARM/bin/../lib/gcc/arm-none-eabi/13.2.0/../../../../arm-none-eabi/lib/armv6k/fpu/libc.a(libc_a-malignr.o)
                0x0010ac98                _memalign_r
 .text.bsearch  0x0010ade4       0x78 /opt/devkitpro/devkitARM/bin/../lib/gcc/arm-none-eabi/13.2.0/../../../../arm-none-eabi/lib/armv6k/fpu/libc.a(libc_a-bsearch.o)
                0x0010ade4                bsearch
 .text.sscanf   0x0010ae5c       0x74 /opt/devkitpro/devkitARM/bin/../lib/gcc/arm-none-eabi/13.2.0/../../../../arm-none-eabi/lib/armv6k/fpu/libc.a(libc_a-sscanf.o)
                0x0010ae5c                sscanf
 .text.__sread  0x0010aed0       0x44 /opt/devkitpro/devkitARM/bin/../lib/gcc/arm-none-eabi/13.2.0/../../../../arm-none-eabi/lib/armv6k/fpu/libc.a(libc_a-stdio.o)
                0x0010aed0                __sread
 .text.__seofread
                0x0010af14        0x8 /opt/devkitpro/devkitARM/bin/../lib/gcc/arm-none-eabi/13.2.0/../../../../arm-none-eabi/lib/armv6k/fpu/libc.a(libc_a-stdio.o)
                0x0010af14                __seofread
 .text.__swrite
                0x0010af1c       0x68 /opt/devkitpro/devkitARM/bin/../lib/gcc/arm-none-eabi/13.2.0/../../../../arm-none-eabi/lib/armv6k/fpu/libc.a(libc_a-stdio.o)
                0x0010af1c                __swrite
 .text.__sseek  0x0010af84       0x44 /opt/devkitpro/devkitARM/bin/../lib/gcc/arm-none-eabi/13.2.0/../../../../arm-none-eabi/lib/armv6k/fpu/libc.a(libc_a-stdio.o)
                0x0010af84                __sseek
 .text.__sclose
                0x0010afc8        0x8 /opt/devkitpro/devkitARM/bin/../lib/gcc/arm-none-eabi/13.2.0/../../../../arm-none-eabi/lib/armv6k/fpu/libc.a(libc_a-stdio.o)
                0x0010afc8                __sclose
 .text.setvbuf  0x0010afd0      0x25c /opt/devkitpro/devkitARM/bin/../lib/gcc/arm-none-eabi/13.2.0/../../../../arm-none-eabi/lib/armv6k/fpu/libc.a(libc_a-setvbuf.o)
                0x0010afd0                setvbuf
 .text.__call_exitprocs
                0x0010b22c        0x4 /opt/devkitpro/devkitARM/bin/../lib/gcc/arm-none-eabi/13.2.0/../../../../arm-none-eabi/lib/armv6k/fpu/libc.a(libc_a-exit.o)
                0x0010b22c                __call_exitprocs
 .text.exit     0x0010b230       0x30 /opt/devkitpro/devkitARM/bin/../lib/gcc/arm-none-eabi/13.2.0/../../../../arm-none-eabi/lib/armv6k/fpu/libc.a(libc_a-exit.o)
                0x0010b230                exit
 .text._malloc_trim_r
                0x0010b260       0xf8 /opt/devkitpro/devkitARM/bin/../lib/gcc/arm-none-eabi/13.2.0/../../../../arm-none-eabi/lib/armv6k/fpu/libc.a(libc_a-freer.o)
                0x0010b260                _malloc_trim_r
 .text._free_r  0x0010b358      0x2e8 /opt/devkitpro/devkitARM/bin/../lib/gcc/arm-none-eabi/13.2.0/../../../../arm-none-eabi/lib/armv6k/fpu/libc.a(libc_a-freer.o)
                0x0010b358                _free_r
 .text.malloc   0x0010b640       0x18 /opt/devkitpro/devkitARM/bin/../lib/gcc/arm-none-eabi/13.2.0/../../../../arm-none-eabi/lib/armv6k/fpu/libc.a(libc_a-malloc.o)
                0x0010b640                malloc
 .text.free     0x0010b658       0x18 /opt/devkitpro/devkitARM/bin/../lib/gcc/arm-none-eabi/13.2.0/../../../../arm-none-eabi/lib/armv6k/fpu/libc.a(libc_a-malloc.o)
                0x0010b658                free
 .text.get_arg  0x0010b670       0x50 /opt/devkitpro/devkitARM/bin/../lib/gcc/arm-none-eabi/13.2.0/../../../../arm-none-eabi/lib/armv6k/fpu/libc.a(libc_a-svfscanf.o)
 .text.__ssvfscanf_r
                0x0010b6c0     0x2bf8 /opt/devkitpro/devkitARM/bin/../lib/gcc/arm-none-eabi/13.2.0/../../../../arm-none-eabi/lib/armv6k/fpu/libc.a(libc_a-svfscanf.o)
                0x0010b6c0                __ssvfscanf_r
 .text._malloc_r
                0x0010e2b8      0x79c /opt/devkitpro/devkitARM/bin/../lib/gcc/arm-none-eabi/13.2.0/../../../../arm-none-eabi/lib/armv6k/fpu/libc.a(libc_a-mallocr.o)
                0x0010e2b8                _malloc_r
 .text.memset   0x0010ea54       0xf4 /opt/devkitpro/devkitARM/bin/../lib/gcc/arm-none-eabi/13.2.0/../../../../arm-none-eabi/lib/armv6k/fpu/libc.a(libc_a-memset.o)
                0x0010ea54                memset
 .text.__malloc_lock
                0x0010eb48        0xc /opt/devkitpro/devkitARM/bin/../lib/gcc/arm-none-eabi/13.2.0/../../../../arm-none-eabi/lib/armv6k/fpu/libc.a(libc_a-mlock.o)
                0x0010eb48                __malloc_lock
 .text.__malloc_unlock
                0x0010eb54        0xc /opt/devkitpro/devkitARM/bin/../lib/gcc/arm-none-eabi/13.2.0/../../../../arm-none-eabi/lib/armv6k/fpu/libc.a(libc_a-mlock.o)
                0x0010eb54                __malloc_unlock
 .text.get_arg  0x0010eb60      0x64c /opt/devkitpro/devkitARM/bin/../lib/gcc/arm-none-eabi/13.2.0/../../../../arm-none-eabi/lib/armv6k/fpu/libc.a(libc_a-vfprintf.o)
 *fill*         0x0010f1ac        0x4 
 .text._vfprintf_r
                0x0010f1b0     0x3378 /opt/devkitpro/devkitARM/bin/../lib/gcc/arm-none-eabi/13.2.0/../../../../arm-none-eabi/lib/armv6k/fpu/libc.a(libc_a-vfprintf.o)
                0x0010f1b0                _vfprintf_r
 .text.__sbprintf
                0x00112528       0xb8 /opt/devkitpro/devkitARM/bin/../lib/gcc/arm-none-eabi/13.2.0/../../../../arm-none-eabi/lib/armv6k/fpu/libc.a(libc_a-vfprintf.o)
 .text.strlen   0x001125e0       0x90 /opt/devkitpro/devkitARM/bin/../lib/gcc/arm-none-eabi/13.2.0/../../../../arm-none-eabi/lib/armv6k/fpu/libc.a(libc_a-strlen.o)
                0x001125e0                strlen
 .text.__sflush_r
                0x00112670      0x22c /opt/devkitpro/devkitARM/bin/../lib/gcc/arm-none-eabi/13.2.0/../../../../arm-none-eabi/lib/armv6k/fpu/libc.a(libc_a-fflush.o)
                0x00112670                __sflush_r
 .text._fflush_r
                0x0011289c       0x94 /opt/devkitpro/devkitARM/bin/../lib/gcc/arm-none-eabi/13.2.0/../../../../arm-none-eabi/lib/armv6k/fpu/libc.a(libc_a-fflush.o)
                0x0011289c                _fflush_r
 .text.strncat  0x00112930       0xe4 /opt/devkitpro/devkitARM/bin/../lib/gcc/arm-none-eabi/13.2.0/../../../../arm-none-eabi/lib/armv6k/fpu/libc.a(libc_a-strncat.o)
                0x00112930                strncat
 .text.strncmp  0x00112a14       0xe4 /opt/devkitpro/devkitARM/bin/../lib/gcc/arm-none-eabi/13.2.0/../../../../arm-none-eabi/lib/armv6k/fpu/libc.a(libc_a-strncmp.o)
                0x00112a14                strncmp
 .text._fwalk_sglue
                0x00112af8       0x70 /opt/devkitpro/devkitARM/bin/../lib/gcc/arm-none-eabi/13.2.0/../../../../arm-none-eabi/lib/armv6k/fpu/libc.a(libc_a-fwalk.o)
                0x00112af8                _fwalk_sglue
 .text.strncpy  0x00112b68       0xc4 /opt/devkitpro/devkitARM/bin/../lib/gcc/arm-none-eabi/13.2.0/../../../../arm-none-eabi/lib/armv6k/fpu/libc.a(libc_a-strncpy.o)
                0x00112b68                strncpy
 .text.stdio_exit_handler
                0x00112c2c       0x1c /opt/devkitpro/devkitARM/bin/../lib/gcc/arm-none-eabi/13.2.0/../../../../arm-none-eabi/lib/armv6k/fpu/libc.a(libc_a-findfp.o)
 .text.cleanup_stdio
                0x00112c48       0x5c /opt/devkitpro/devkitARM/bin/../lib/gcc/arm-none-eabi/13.2.0/../../../../arm-none-eabi/lib/armv6k/fpu/libc.a(libc_a-findfp.o)
 .text.global_stdio_init.part.0
                0x00112ca4      0x154 /opt/devkitpro/devkitARM/bin/../lib/gcc/arm-none-eabi/13.2.0/../../../../arm-none-eabi/lib/armv6k/fpu/libc.a(libc_a-findfp.o)
 .text.__sinit  0x00112df8       0x5c /opt/devkitpro/devkitARM/bin/../lib/gcc/arm-none-eabi/13.2.0/../../../../arm-none-eabi/lib/armv6k/fpu/libc.a(libc_a-findfp.o)
                0x00112df8                __sinit
 .text.__sfp_lock_acquire
                0x00112e54        0xc /opt/devkitpro/devkitARM/bin/../lib/gcc/arm-none-eabi/13.2.0/../../../../arm-none-eabi/lib/armv6k/fpu/libc.a(libc_a-findfp.o)
                0x00112e54                __sfp_lock_acquire
 .text.__sfp_lock_release
                0x00112e60        0xc /opt/devkitpro/devkitARM/bin/../lib/gcc/arm-none-eabi/13.2.0/../../../../arm-none-eabi/lib/armv6k/fpu/libc.a(libc_a-findfp.o)
                0x00112e60                __sfp_lock_release
 .text.strnlen  0x00112e6c       0x48 /opt/devkitpro/devkitARM/bin/../lib/gcc/arm-none-eabi/13.2.0/../../../../arm-none-eabi/lib/armv6k/fpu/libc.a(libc_a-strnlen.o)
                0x00112e6c                strnlen
 .text.sulp     0x00112eb4       0x64 /opt/devkitpro/devkitARM/bin/../lib/gcc/arm-none-eabi/13.2.0/../../../../arm-none-eabi/lib/armv6k/fpu/libc.a(libc_a-strtod.o)
 .text._strtod_l
                0x00112f18     0x13a4 /opt/devkitpro/devkitARM/bin/../lib/gcc/arm-none-eabi/13.2.0/../../../../arm-none-eabi/lib/armv6k/fpu/libc.a(libc_a-strtod.o)
                0x00112f18                _strtod_l
 .text._strtod_r
                0x001142bc       0x3c /opt/devkitpro/devkitARM/bin/../lib/gcc/arm-none-eabi/13.2.0/../../../../arm-none-eabi/lib/armv6k/fpu/libc.a(libc_a-strtod.o)
                0x001142bc                _strtod_r
 .text._strtol_l.part.0
                0x001142f8      0x1b0 /opt/devkitpro/devkitARM/bin/../lib/gcc/arm-none-eabi/13.2.0/../../../../arm-none-eabi/lib/armv6k/fpu/libc.a(libc_a-strtol.o)
 .text._strtol_r
                0x001144a8       0x60 /opt/devkitpro/devkitARM/bin/../lib/gcc/arm-none-eabi/13.2.0/../../../../arm-none-eabi/lib/armv6k/fpu/libc.a(libc_a-strtol.o)
                0x001144a8                _strtol_r
 .text.realloc  0x00114508       0x20 /opt/devkitpro/devkitARM/bin/../lib/gcc/arm-none-eabi/13.2.0/../../../../arm-none-eabi/lib/armv6k/fpu/libc.a(libc_a-realloc.o)
                0x00114508                realloc
 .text._strtoul_l.isra.0
                0x00114528      0x1d8 /opt/devkitpro/devkitARM/bin/../lib/gcc/arm-none-eabi/13.2.0/../../../../arm-none-eabi/lib/armv6k/fpu/libc.a(libc_a-strtoul.o)
 .text._strtoul_r
                0x00114700       0x30 /opt/devkitpro/devkitARM/bin/../lib/gcc/arm-none-eabi/13.2.0/../../../../arm-none-eabi/lib/armv6k/fpu/libc.a(libc_a-strtoul.o)
                0x00114700                _strtoul_r
 .text.strtoul  0x00114730       0x34 /opt/devkitpro/devkitARM/bin/../lib/gcc/arm-none-eabi/13.2.0/../../../../arm-none-eabi/lib/armv6k/fpu/libc.a(libc_a-strtoul.o)
                0x00114730                strtoul
 .text.__locale_mb_cur_max
                0x00114764       0x24 /opt/devkitpro/devkitARM/bin/../lib/gcc/arm-none-eabi/13.2.0/../../../../arm-none-eabi/lib/armv6k/fpu/libc.a(libc_a-locale.o)
                0x00114764                __locale_mb_cur_max
 .text._localeconv_r
                0x00114788       0x24 /opt/devkitpro/devkitARM/bin/../lib/gcc/arm-none-eabi/13.2.0/../../../../arm-none-eabi/lib/armv6k/fpu/libc.a(libc_a-localeconv.o)
                0x00114788                _localeconv_r
 .text.memchr   0x001147ac       0xe0 /opt/devkitpro/devkitARM/bin/../lib/gcc/arm-none-eabi/13.2.0/../../../../arm-none-eabi/lib/armv6k/fpu/libc.a(libc_a-memchr-stub.o)
                0x001147ac                memchr
 .text.__utf8_wctomb
                0x0011488c       0xf0 /opt/devkitpro/devkitARM/bin/../lib/gcc/arm-none-eabi/13.2.0/../../../../arm-none-eabi/lib/armv6k/fpu/libc.a(libc_a-wctomb_r.o)
                0x0011488c                __utf8_wctomb
 .text.memcpy   0x0011497c      0x11c /opt/devkitpro/devkitARM/bin/../lib/gcc/arm-none-eabi/13.2.0/../../../../arm-none-eabi/lib/armv6k/fpu/libc.a(libc_a-memcpy-stub.o)
                0x0011497c                memcpy
 .text.stpncpy  0x00114a98       0xdc /opt/devkitpro/devkitARM/bin/../lib/gcc/arm-none-eabi/13.2.0/../../../../arm-none-eabi/lib/armv6k/fpu/libc.a(libc_a-stpncpy.o)
                0x00114a98                stpncpy
 .text.__libc_init_array
                0x00114b74       0x84 /opt/devkitpro/devkitARM/bin/../lib/gcc/arm-none-eabi/13.2.0/../../../../arm-none-eabi/lib/armv6k/fpu/libc.a(libc_a-init.o)
                0x00114b74                __libc_init_array
 .text.__libc_fini_array
                0x00114bf8       0x3c /opt/devkitpro/devkitARM/bin/../lib/gcc/arm-none-eabi/13.2.0/../../../../arm-none-eabi/lib/armv6k/fpu/libc.a(libc_a-fini.o)
                0x00114bf8                __libc_fini_array
 .text.__errno  0x00114c34        0xc /opt/devkitpro/devkitARM/bin/../lib/gcc/arm-none-eabi/13.2.0/../../../../arm-none-eabi/lib/armv6k/fpu/libc.a(libc_a-errno.o)
                0x00114c34                __errno
 .text.nan      0x00114c40       0x10 /opt/devkitpro/devkitARM/bin/../lib/gcc/arm-none-eabi/13.2.0/../../../../arm-none-eabi/lib/armv6k/fpu/libc.a(libm_a-s_nan.o)
                0x00114c40                nan
 .text.nanf     0x00114c50        0xc /opt/devkitpro/devkitARM/bin/../lib/gcc/arm-none-eabi/13.2.0/../../../../arm-none-eabi/lib/armv6k/fpu/libc.a(libm_a-sf_nan.o)
                0x00114c50                nanf
 *fill*         0x00114c5c        0x4 
 .text.frexp    0x00114c60       0x88 /opt/devkitpro/devkitARM/bin/../lib/gcc/arm-none-eabi/13.2.0/../../../../arm-none-eabi/lib/armv6k/fpu/libc.a(libm_a-s_frexp.o)
                0x00114c60                frexp
 .text._strtoll_l.isra.0
                0x00114ce8      0x234 /opt/devkitpro/devkitARM/bin/../lib/gcc/arm-none-eabi/13.2.0/../../../../arm-none-eabi/lib/armv6k/fpu/libc.a(libc_a-strtoll.o)
 .text._strtoll_r
                0x00114f1c       0x30 /opt/devkitpro/devkitARM/bin/../lib/gcc/arm-none-eabi/13.2.0/../../../../arm-none-eabi/lib/armv6k/fpu/libc.a(libc_a-strtoll.o)
                0x00114f1c                _strtoll_r
 .text._strtoull_l.isra.0
                0x00114f4c      0x25c /opt/devkitpro/devkitARM/bin/../lib/gcc/arm-none-eabi/13.2.0/../../../../arm-none-eabi/lib/armv6k/fpu/libc.a(libc_a-strtoull.o)
 .text._strtoull_r
                0x001151a8       0x30 /opt/devkitpro/devkitARM/bin/../lib/gcc/arm-none-eabi/13.2.0/../../../../arm-none-eabi/lib/armv6k/fpu/libc.a(libc_a-strtoull.o)
                0x001151a8                _strtoull_r
 .text.iswspace
                0x001151d8        0x8 /opt/devkitpro/devkitARM/bin/../lib/gcc/arm-none-eabi/13.2.0/../../../../arm-none-eabi/lib/armv6k/fpu/libc.a(libc_a-iswspace.o)
                0x001151d8                iswspace
 .text._mbrtowc_r
                0x001151e0       0xb4 /opt/devkitpro/devkitARM/bin/../lib/gcc/arm-none-eabi/13.2.0/../../../../arm-none-eabi/lib/armv6k/fpu/libc.a(libc_a-mbrtowc.o)
                0x001151e0                _mbrtowc_r
 .text.__smakebuf_r
                0x00115294      0x12c /opt/devkitpro/devkitARM/bin/../lib/gcc/arm-none-eabi/13.2.0/../../../../arm-none-eabi/lib/armv6k/fpu/libc.a(libc_a-makebuf.o)
                0x00115294                __smakebuf_r
 .text.__swhatbuf_r
                0x001153c0       0x8c /opt/devkitpro/devkitARM/bin/../lib/gcc/arm-none-eabi/13.2.0/../../../../arm-none-eabi/lib/armv6k/fpu/libc.a(libc_a-makebuf.o)
                0x001153c0                __swhatbuf_r
 .text._wcrtomb_r
                0x0011544c       0xa0 /opt/devkitpro/devkitARM/bin/../lib/gcc/arm-none-eabi/13.2.0/../../../../arm-none-eabi/lib/armv6k/fpu/libc.a(libc_a-wcrtomb.o)
                0x0011544c                _wcrtomb_r
 .text.iswspace_l
                0x001154ec       0x38 /opt/devkitpro/devkitARM/bin/../lib/gcc/arm-none-eabi/13.2.0/../../../../arm-none-eabi/lib/armv6k/fpu/libc.a(libc_a-iswspace_l.o)
                0x001154ec                iswspace_l
 .text._wcsrtombs_r
                0x00115524       0x28 /opt/devkitpro/devkitARM/bin/../lib/gcc/arm-none-eabi/13.2.0/../../../../arm-none-eabi/lib/armv6k/fpu/libc.a(libc_a-wcsrtombs.o)
                0x00115524                _wcsrtombs_r
 .text.sprintf  0x0011554c       0x64 /opt/devkitpro/devkitARM/bin/../lib/gcc/arm-none-eabi/13.2.0/../../../../arm-none-eabi/lib/armv6k/fpu/libc.a(libc_a-sprintf.o)
                0x0011554c                sprintf
 .text.__sccl   0x001155b0       0xf0 /opt/devkitpro/devkitARM/bin/../lib/gcc/arm-none-eabi/13.2.0/../../../../arm-none-eabi/lib/armv6k/fpu/libc.a(libc_a-sccl.o)
                0x001155b0                __sccl
 .text.category
                0x001156a0       0x90 /opt/devkitpro/devkitARM/bin/../lib/gcc/arm-none-eabi/13.2.0/../../../../arm-none-eabi/lib/armv6k/fpu/libc.a(libc_a-categories.o)
                0x001156a0                category
 .text.get_arg  0x00115730      0x64c /opt/devkitpro/devkitARM/bin/../lib/gcc/arm-none-eabi/13.2.0/../../../../arm-none-eabi/lib/armv6k/fpu/libc.a(libc_a-vfiprintf.o)
 .text.__sprint_r
                0x00115d7c       0x30 /opt/devkitpro/devkitARM/bin/../lib/gcc/arm-none-eabi/13.2.0/../../../../arm-none-eabi/lib/armv6k/fpu/libc.a(libc_a-vfiprintf.o)
                0x00115d7c                __sprint_r
 .text._vfiprintf_r
                0x00115dac     0x2304 /opt/devkitpro/devkitARM/bin/../lib/gcc/arm-none-eabi/13.2.0/../../../../arm-none-eabi/lib/armv6k/fpu/libc.a(libc_a-vfiprintf.o)
                0x00115dac                _vfiprintf_r
 .text.__sbprintf
                0x001180b0       0xb8 /opt/devkitpro/devkitARM/bin/../lib/gcc/arm-none-eabi/13.2.0/../../../../arm-none-eabi/lib/armv6k/fpu/libc.a(libc_a-vfiprintf.o)
 .text.__ssprint_r
                0x00118168      0x18c /opt/devkitpro/devkitARM/bin/../lib/gcc/arm-none-eabi/13.2.0/../../../../arm-none-eabi/lib/armv6k/fpu/libc.a(libc_a-svfiprintf.o)
                0x00118168                __ssprint_r
 .text._sungetc_r
                0x001182f4       0xe0 /opt/devkitpro/devkitARM/bin/../lib/gcc/arm-none-eabi/13.2.0/../../../../arm-none-eabi/lib/armv6k/fpu/libc.a(libc_a-svfiscanf.o)
                0x001182f4                _sungetc_r
 .text.__ssrefill_r
                0x001183d4       0x6c /opt/devkitpro/devkitARM/bin/../lib/gcc/arm-none-eabi/13.2.0/../../../../arm-none-eabi/lib/armv6k/fpu/libc.a(libc_a-svfiscanf.o)
                0x001183d4                __ssrefill_r
 .text._sfread_r
                0x00118440       0xc4 /opt/devkitpro/devkitARM/bin/../lib/gcc/arm-none-eabi/13.2.0/../../../../arm-none-eabi/lib/armv6k/fpu/libc.a(libc_a-svfiscanf.o)
                0x00118440                _sfread_r
 .text.__swsetup_r
                0x00118504      0x138 /opt/devkitpro/devkitARM/bin/../lib/gcc/arm-none-eabi/13.2.0/../../../../arm-none-eabi/lib/armv6k/fpu/libc.a(libc_a-wsetup.o)
                0x00118504                __swsetup_r
 .text.rshift   0x0011863c       0xf0 /opt/devkitpro/devkitARM/bin/../lib/gcc/arm-none-eabi/13.2.0/../../../../arm-none-eabi/lib/armv6k/fpu/libc.a(libc_a-gdtoa-gethex.o)
 .text.__gethex
                0x0011872c      0x89c /opt/devkitpro/devkitARM/bin/../lib/gcc/arm-none-eabi/13.2.0/../../../../arm-none-eabi/lib/armv6k/fpu/libc.a(libc_a-gdtoa-gethex.o)
                0x0011872c                __gethex
 .text.quorem   0x00118fc8      0x1b4 /opt/devkitpro/devkitARM/bin/../lib/gcc/arm-none-eabi/13.2.0/../../../../arm-none-eabi/lib/armv6k/fpu/libc.a(libc_a-dtoa.o)
 *fill*         0x0011917c        0x4 
 .text._dtoa_r  0x00119180     0x1218 /opt/devkitpro/devkitARM/bin/../lib/gcc/arm-none-eabi/13.2.0/../../../../arm-none-eabi/lib/armv6k/fpu/libc.a(libc_a-dtoa.o)
                0x00119180                _dtoa_r
 .text.strchr   0x0011a398      0x130 /opt/devkitpro/devkitARM/bin/../lib/gcc/arm-none-eabi/13.2.0/../../../../arm-none-eabi/lib/armv6k/fpu/libc.a(libc_a-strchr.o)
                0x0011a398                strchr
 .text._fclose_r
                0x0011a4c8      0x148 /opt/devkitpro/devkitARM/bin/../lib/gcc/arm-none-eabi/13.2.0/../../../../arm-none-eabi/lib/armv6k/fpu/libc.a(libc_a-fclose.o)
                0x0011a4c8                _fclose_r
 .text.get_arg  0x0011a610      0x64c /opt/devkitpro/devkitARM/bin/../lib/gcc/arm-none-eabi/13.2.0/../../../../arm-none-eabi/lib/armv6k/fpu/libc.a(libc_a-svfprintf.o)
 *fill*         0x0011ac5c        0x4 
 .text._svfprintf_r
                0x0011ac60     0x3324 /opt/devkitpro/devkitARM/bin/../lib/gcc/arm-none-eabi/13.2.0/../../../../arm-none-eabi/lib/armv6k/fpu/libc.a(libc_a-svfprintf.o)
                0x0011ac60                _svfprintf_r
 .text.__match  0x0011df84       0x4c /opt/devkitpro/devkitARM/bin/../lib/gcc/arm-none-eabi/13.2.0/../../../../arm-none-eabi/lib/armv6k/fpu/libc.a(libc_a-gdtoa-hexnan.o)
                0x0011df84                __match
 .text.__hexnan
                0x0011dfd0      0x29c /opt/devkitpro/devkitARM/bin/../lib/gcc/arm-none-eabi/13.2.0/../../../../arm-none-eabi/lib/armv6k/fpu/libc.a(libc_a-gdtoa-hexnan.o)
                0x0011dfd0                __hexnan
 .text.memmove  0x0011e26c      0x150 /opt/devkitpro/devkitARM/bin/../lib/gcc/arm-none-eabi/13.2.0/../../../../arm-none-eabi/lib/armv6k/fpu/libc.a(libc_a-memmove.o)
                0x0011e26c                memmove
 .text._Balloc  0x0011e3bc       0x88 /opt/devkitpro/devkitARM/bin/../lib/gcc/arm-none-eabi/13.2.0/../../../../arm-none-eabi/lib/armv6k/fpu/libc.a(libc_a-mprec.o)
                0x0011e3bc                _Balloc
 .text._Bfree   0x0011e444       0x1c /opt/devkitpro/devkitARM/bin/../lib/gcc/arm-none-eabi/13.2.0/../../../../arm-none-eabi/lib/armv6k/fpu/libc.a(libc_a-mprec.o)
                0x0011e444                _Bfree
 .text.__multadd
                0x0011e460       0xf4 /opt/devkitpro/devkitARM/bin/../lib/gcc/arm-none-eabi/13.2.0/../../../../arm-none-eabi/lib/armv6k/fpu/libc.a(libc_a-mprec.o)
                0x0011e460                __multadd
 .text.__s2b    0x0011e554      0x110 /opt/devkitpro/devkitARM/bin/../lib/gcc/arm-none-eabi/13.2.0/../../../../arm-none-eabi/lib/armv6k/fpu/libc.a(libc_a-mprec.o)
                0x0011e554                __s2b
 .text.__hi0bits
                0x0011e664       0x60 /opt/devkitpro/devkitARM/bin/../lib/gcc/arm-none-eabi/13.2.0/../../../../arm-none-eabi/lib/armv6k/fpu/libc.a(libc_a-mprec.o)
                0x0011e664                __hi0bits
 .text.__lo0bits
                0x0011e6c4       0x9c /opt/devkitpro/devkitARM/bin/../lib/gcc/arm-none-eabi/13.2.0/../../../../arm-none-eabi/lib/armv6k/fpu/libc.a(libc_a-mprec.o)
                0x0011e6c4                __lo0bits
 .text.__i2b    0x0011e760       0xa4 /opt/devkitpro/devkitARM/bin/../lib/gcc/arm-none-eabi/13.2.0/../../../../arm-none-eabi/lib/armv6k/fpu/libc.a(libc_a-mprec.o)
                0x0011e760                __i2b
 .text.__multiply
                0x0011e804      0x204 /opt/devkitpro/devkitARM/bin/../lib/gcc/arm-none-eabi/13.2.0/../../../../arm-none-eabi/lib/armv6k/fpu/libc.a(libc_a-mprec.o)
                0x0011e804                __multiply
 .text.__pow5mult
                0x0011ea08      0x128 /opt/devkitpro/devkitARM/bin/../lib/gcc/arm-none-eabi/13.2.0/../../../../arm-none-eabi/lib/armv6k/fpu/libc.a(libc_a-mprec.o)
                0x0011ea08                __pow5mult
 .text.__lshift
                0x0011eb30      0x140 /opt/devkitpro/devkitARM/bin/../lib/gcc/arm-none-eabi/13.2.0/../../../../arm-none-eabi/lib/armv6k/fpu/libc.a(libc_a-mprec.o)
                0x0011eb30                __lshift
 .text.__mcmp   0x0011ec70       0x58 /opt/devkitpro/devkitARM/bin/../lib/gcc/arm-none-eabi/13.2.0/../../../../arm-none-eabi/lib/armv6k/fpu/libc.a(libc_a-mprec.o)
                0x0011ec70                __mcmp
 .text.__mdiff  0x0011ecc8      0x1fc /opt/devkitpro/devkitARM/bin/../lib/gcc/arm-none-eabi/13.2.0/../../../../arm-none-eabi/lib/armv6k/fpu/libc.a(libc_a-mprec.o)
                0x0011ecc8                __mdiff
 .text.__ulp    0x0011eec4       0x68 /opt/devkitpro/devkitARM/bin/../lib/gcc/arm-none-eabi/13.2.0/../../../../arm-none-eabi/lib/armv6k/fpu/libc.a(libc_a-mprec.o)
                0x0011eec4                __ulp
 .text.__b2d    0x0011ef2c       0xd0 /opt/devkitpro/devkitARM/bin/../lib/gcc/arm-none-eabi/13.2.0/../../../../arm-none-eabi/lib/armv6k/fpu/libc.a(libc_a-mprec.o)
                0x0011ef2c                __b2d
 .text.__d2b    0x0011effc      0x124 /opt/devkitpro/devkitARM/bin/../lib/gcc/arm-none-eabi/13.2.0/../../../../arm-none-eabi/lib/armv6k/fpu/libc.a(libc_a-mprec.o)
                0x0011effc                __d2b
 .text.__ratio  0x0011f120       0x78 /opt/devkitpro/devkitARM/bin/../lib/gcc/arm-none-eabi/13.2.0/../../../../arm-none-eabi/lib/armv6k/fpu/libc.a(libc_a-mprec.o)
                0x0011f120                __ratio
 .text.__copybits
                0x0011f198       0x88 /opt/devkitpro/devkitARM/bin/../lib/gcc/arm-none-eabi/13.2.0/../../../../arm-none-eabi/lib/armv6k/fpu/libc.a(libc_a-mprec.o)
                0x0011f198                __copybits
 .text.__any_on
                0x0011f220       0x5c /opt/devkitpro/devkitARM/bin/../lib/gcc/arm-none-eabi/13.2.0/../../../../arm-none-eabi/lib/armv6k/fpu/libc.a(libc_a-mprec.o)
                0x0011f220                __any_on
 .text.__sfvwrite_r
                0x0011f27c      0x4b4 /opt/devkitpro/devkitARM/bin/../lib/gcc/arm-none-eabi/13.2.0/../../../../arm-none-eabi/lib/armv6k/fpu/libc.a(libc_a-fvwrite.o)
                0x0011f27c                __sfvwrite_r
 .text._realloc_r
                0x0011f730      0x4a0 /opt/devkitpro/devkitARM/bin/../lib/gcc/arm-none-eabi/13.2.0/../../../../arm-none-eabi/lib/armv6k/fpu/libc.a(libc_a-reallocr.o)
                0x0011f730                _realloc_r
 .text.__utf8_mbtowc
                0x0011fbd0      0x2f8 /opt/devkitpro/devkitARM/bin/../lib/gcc/arm-none-eabi/13.2.0/../../../../arm-none-eabi/lib/armv6k/fpu/libc.a(libc_a-mbtowc_r.o)
                0x0011fbd0                __utf8_mbtowc
 .text._wcsnrtombs_l
                0x0011fec8      0x188 /opt/devkitpro/devkitARM/bin/../lib/gcc/arm-none-eabi/13.2.0/../../../../arm-none-eabi/lib/armv6k/fpu/libc.a(libc_a-wcsnrtombs.o)
                0x0011fec8                _wcsnrtombs_l
 .text._wcsnrtombs_r
                0x00120050       0x64 /opt/devkitpro/devkitARM/bin/../lib/gcc/arm-none-eabi/13.2.0/../../../../arm-none-eabi/lib/armv6k/fpu/libc.a(libc_a-wcsnrtombs.o)
                0x00120050                _wcsnrtombs_r
 .text.__submore
                0x001200b4       0xa8 /opt/devkitpro/devkitARM/bin/../lib/gcc/arm-none-eabi/13.2.0/../../../../arm-none-eabi/lib/armv6k/fpu/libc.a(libc_a-ungetc.o)
                0x001200b4                __submore
 .text._calloc_r
                0x0012015c       0xc0 /opt/devkitpro/devkitARM/bin/../lib/gcc/arm-none-eabi/13.2.0/../../../../arm-none-eabi/lib/armv6k/fpu/libc.a(libc_a-callocr.o)
                0x0012015c                _calloc_r
 .text.__assert_func
                0x0012021c       0x5c /opt/devkitpro/devkitARM/bin/../lib/gcc/arm-none-eabi/13.2.0/../../../../arm-none-eabi/lib/armv6k/fpu/libc.a(libc_a-assert.o)
                0x0012021c                __assert_func
 .text.fiprintf
                0x00120278       0x3c /opt/devkitpro/devkitARM/bin/../lib/gcc/arm-none-eabi/13.2.0/../../../../arm-none-eabi/lib/armv6k/fpu/libc.a(libc_a-fiprintf.o)
                0x00120278                fiprintf
 .text.abort    0x001202b4       0x14 /opt/devkitpro/devkitARM/bin/../lib/gcc/arm-none-eabi/13.2.0/../../../../arm-none-eabi/lib/armv6k/fpu/libc.a(libc_a-abort.o)
                0x001202b4                abort
 .text._raise_r
                0x001202c8       0x90 /opt/devkitpro/devkitARM/bin/../lib/gcc/arm-none-eabi/13.2.0/../../../../arm-none-eabi/lib/armv6k/fpu/libc.a(libc_a-signal.o)
                0x001202c8                _raise_r
 .text.raise    0x00120358       0x18 /opt/devkitpro/devkitARM/bin/../lib/gcc/arm-none-eabi/13.2.0/../../../../arm-none-eabi/lib/armv6k/fpu/libc.a(libc_a-signal.o)
                0x00120358                raise
 .text._exit    0x00120370       0x20 /opt/devkitpro/devkitARM/bin/../lib/gcc/arm-none-eabi/13.2.0/../../../../arm-none-eabi/lib/armv6k/fpu/libsysbase.a(libsysbase_libsysbase_a-_exit.o)
                0x00120370                _exit
 .text.chdir    0x00120390      0x13c /opt/devkitpro/devkitARM/bin/../lib/gcc/arm-none-eabi/13.2.0/../../../../arm-none-eabi/lib/armv6k/fpu/libsysbase.a(libsysbase_libsysbase_a-chdir.o)
                0x00120390                chdir
 .text._concatenate_path
                0x001204cc      0x1cc /opt/devkitpro/devkitARM/bin/../lib/gcc/arm-none-eabi/13.2.0/../../../../arm-none-eabi/lib/armv6k/fpu/libsysbase.a(libsysbase_libsysbase_a-concatenate.o)
                0x001204cc                _concatenate_path
 .text._fstat_r
                0x00120698       0x78 /opt/devkitpro/devkitARM/bin/../lib/gcc/arm-none-eabi/13.2.0/../../../../arm-none-eabi/lib/armv6k/fpu/libsysbase.a(libsysbase_libsysbase_a-fstat.o)
                0x00120698                _fstat_r
 .text._getpid_r
                0x00120710       0x14 /opt/devkitpro/devkitARM/bin/../lib/gcc/arm-none-eabi/13.2.0/../../../../arm-none-eabi/lib/armv6k/fpu/libsysbase.a(libsysbase_libsysbase_a-getpid.o)
                0x00120710                _getpid_r
 .text.__getreent
                0x00120724       0x2c /opt/devkitpro/devkitARM/bin/../lib/gcc/arm-none-eabi/13.2.0/../../../../arm-none-eabi/lib/armv6k/fpu/libsysbase.a(libsysbase_libsysbase_a-getreent.o)
                0x00120724                __getreent
 .text.__get_handle
                0x00120750       0x3c /opt/devkitpro/devkitARM/bin/../lib/gcc/arm-none-eabi/13.2.0/../../../../arm-none-eabi/lib/armv6k/fpu/libsysbase.a(libsysbase_libsysbase_a-handle_manager.o)
                0x00120750                __get_handle
 .text._close_r
                0x0012078c       0xf4 /opt/devkitpro/devkitARM/bin/../lib/gcc/arm-none-eabi/13.2.0/../../../../arm-none-eabi/lib/armv6k/fpu/libsysbase.a(libsysbase_libsysbase_a-handle_manager.o)
                0x0012078c                _close_r
 .text.null_write
                0x00120880        0x8 /opt/devkitpro/devkitARM/bin/../lib/gcc/arm-none-eabi/13.2.0/../../../../arm-none-eabi/lib/armv6k/fpu/libsysbase.a(libsysbase_libsysbase_a-iosupport.o)
 .text.setDefaultDevice
                0x00120888       0x18 /opt/devkitpro/devkitARM/bin/../lib/gcc/arm-none-eabi/13.2.0/../../../../arm-none-eabi/lib/armv6k/fpu/libsysbase.a(libsysbase_libsysbase_a-iosupport.o)
                0x00120888                setDefaultDevice
 .text.FindDevice
                0x001208a0       0xc8 /opt/devkitpro/devkitARM/bin/../lib/gcc/arm-none-eabi/13.2.0/../../../../arm-none-eabi/lib/armv6k/fpu/libsysbase.a(libsysbase_libsysbase_a-iosupport.o)
                0x001208a0                FindDevice
 .text.RemoveDevice
                0x00120968       0x28 /opt/devkitpro/devkitARM/bin/../lib/gcc/arm-none-eabi/13.2.0/../../../../arm-none-eabi/lib/armv6k/fpu/libsysbase.a(libsysbase_libsysbase_a-iosupport.o)
                0x00120968                RemoveDevice
 .text.AddDevice
                0x00120990       0x9c /opt/devkitpro/devkitARM/bin/../lib/gcc/arm-none-eabi/13.2.0/../../../../arm-none-eabi/lib/armv6k/fpu/libsysbase.a(libsysbase_libsysbase_a-iosupport.o)
                0x00120990                AddDevice
 .text.GetDeviceOpTab
                0x00120a2c       0x20 /opt/devkitpro/devkitARM/bin/../lib/gcc/arm-none-eabi/13.2.0/../../../../arm-none-eabi/lib/armv6k/fpu/libsysbase.a(libsysbase_libsysbase_a-iosupport.o)
                0x00120a2c                GetDeviceOpTab
 .text._isatty_r
                0x00120a4c        0x8 /opt/devkitpro/devkitARM/bin/../lib/gcc/arm-none-eabi/13.2.0/../../../../arm-none-eabi/lib/armv6k/fpu/libsysbase.a(libsysbase_libsysbase_a-isatty.o)
                0x00120a4c                _isatty_r
 .text._kill_r  0x00120a54       0x14 /opt/devkitpro/devkitARM/bin/../lib/gcc/arm-none-eabi/13.2.0/../../../../arm-none-eabi/lib/armv6k/fpu/libsysbase.a(libsysbase_libsysbase_a-kill.o)
                0x00120a54                _kill_r
 .text._lseek_r
                0x00120a68       0x84 /opt/devkitpro/devkitARM/bin/../lib/gcc/arm-none-eabi/13.2.0/../../../../arm-none-eabi/lib/armv6k/fpu/libsysbase.a(libsysbase_libsysbase_a-lseek.o)
                0x00120a68                _lseek_r
 .text._read_r  0x00120aec       0x80 /opt/devkitpro/devkitARM/bin/../lib/gcc/arm-none-eabi/13.2.0/../../../../arm-none-eabi/lib/armv6k/fpu/libsysbase.a(libsysbase_libsysbase_a-read.o)
                0x00120aec                _read_r
 .text._sbrk_r  0x00120b6c       0x78 /opt/devkitpro/devkitARM/bin/../lib/gcc/arm-none-eabi/13.2.0/../../../../arm-none-eabi/lib/armv6k/fpu/libsysbase.a(libsysbase_libsysbase_a-sbrk.o)
                0x00120b6c                _sbrk_r
 .text.__libc_lock_acquire
                0x00120be4       0x1c /opt/devkitpro/devkitARM/bin/../lib/gcc/arm-none-eabi/13.2.0/../../../../arm-none-eabi/lib/armv6k/fpu/libsysbase.a(libsysbase_libsysbase_a-syscall_support.o)
                0x00120be4                __libc_lock_acquire
 .text.__libc_lock_release
                0x00120c00       0x1c /opt/devkitpro/devkitARM/bin/../lib/gcc/arm-none-eabi/13.2.0/../../../../arm-none-eabi/lib/armv6k/fpu/libsysbase.a(libsysbase_libsysbase_a-syscall_support.o)
                0x00120c00                __libc_lock_release
 .text.__libc_lock_acquire_recursive
                0x00120c1c       0x1c /opt/devkitpro/devkitARM/bin/../lib/gcc/arm-none-eabi/13.2.0/../../../../arm-none-eabi/lib/armv6k/fpu/libsysbase.a(libsysbase_libsysbase_a-syscall_support.o)
                0x00120c1c                __libc_lock_acquire_recursive
 .text.__libc_lock_release_recursive
                0x00120c38       0x1c /opt/devkitpro/devkitARM/bin/../lib/gcc/arm-none-eabi/13.2.0/../../../../arm-none-eabi/lib/armv6k/fpu/libsysbase.a(libsysbase_libsysbase_a-syscall_support.o)
                0x00120c38                __libc_lock_release_recursive
 .text._write_r
                0x00120c54       0x80 /opt/devkitpro/devkitARM/bin/../lib/gcc/arm-none-eabi/13.2.0/../../../../arm-none-eabi/lib/armv6k/fpu/libsysbase.a(libsysbase_libsysbase_a-write.o)
                0x00120c54                _write_r
 .text.__fixdfdi
                0x00120cd4       0x38 /opt/devkitpro/devkitARM/bin/../lib/gcc/arm-none-eabi/13.2.0/armv6k/fpu/libgcc.a(_fixdfdi.o)
                0x00120cd4                __aeabi_d2lz
                0x00120cd4                __fixdfdi
 *fill*         0x00120d0c        0x4 
 .text.__fixunsdfdi
                0x00120d10       0x40 /opt/devkitpro/devkitARM/bin/../lib/gcc/arm-none-eabi/13.2.0/armv6k/fpu/libgcc.a(_fixunsdfdi.o)
                0x00120d10                __aeabi_d2ulz
                0x00120d10                __fixunsdfdi
 .text.strrchr  0x00120d50       0x48 /opt/devkitpro/devkitARM/bin/../lib/gcc/arm-none-eabi/13.2.0/../../../../arm-none-eabi/lib/armv6k/fpu/libc.a(libc_a-strrchr.o)
                0x00120d50                strrchr
 *(.glue_7)
 .glue_7        0x00120d98        0x0 linker stubs
 *(.glue_7t)
 .glue_7t       0x00120d98        0x0 linker stubs
 *(.stub)
 *(.gnu.warning)
 *(.gnu.linkonce.t*)
                0x00120d98                        . = ALIGN (0x4)
 *(.fini)
 .fini          0x00120d98        0xc /opt/devkitpro/devkitARM/bin/../lib/gcc/arm-none-eabi/13.2.0/armv6k/fpu/crti.o
                0x00120d98                _fini
 .fini          0x00120da4        0xc /opt/devkitpro/devkitARM/bin/../lib/gcc/arm-none-eabi/13.2.0/armv6k/fpu/crtn.o
                0x00120db0                        . = ALIGN (0x4)

.vfp11_veneer   0x00120db0        0x0
 .vfp11_veneer  0x00120db0        0x0 linker stubs

.v4_bx          0x00120db0        0x0
 .v4_bx         0x00120db0        0x0 linker stubs

.iplt           0x00120db0        0x0
 .iplt          0x00120db0        0x0 /opt/devkitpro/devkitARM/bin/../lib/gcc/arm-none-eabi/13.2.0/../../../../arm-none-eabi/lib/armv6k/fpu/3dsx_crt0.o
                0x00121000                        . = ALIGN (0x1000)

.rodata         0x00121000     0x4874
 *(.rodata)
 .rodata        0x00121000        0xc /opt/devkitpro/libctru/lib/libctru.a(archive_dev.o)
 *(.roda)
 *(.rodata.*)
 .rodata.str1.4
                0x0012100c      0x333 main.o
                                 0x9a (size before relaxing)
 .rodata.parseColor.str1.4
                0x0012133f       0x1b /opt/devkitpro/libctru/lib/libctru.a(console.o)
 .rodata.con_write.str1.4
                0x0012133f       0x4a /opt/devkitpro/libctru/lib/libctru.a(console.o)
 .rodata.str1.4
                0x0012133f       0x10 /opt/devkitpro/libctru/lib/libctru.a(console.o)
 *fill*         0x0012133f        0x1 
 .rodata.dotab_stdout
                0x00121340       0x80 /opt/devkitpro/libctru/lib/libctru.a(console.o)
 .rodata.grayScale
                0x001213c0       0x18 /opt/devkitpro/libctru/lib/libctru.a(console.o)
 .rodata.colorCube
                0x001213d8        0x6 /opt/devkitpro/libctru/lib/libctru.a(console.o)
 *fill*         0x001213de        0x2 
 .rodata.colorTable
                0x001213e0       0x30 /opt/devkitpro/libctru/lib/libctru.a(console.o)
 .rodata.gspInit.str1.4
                0x00121410        0x9 /opt/devkitpro/libctru/lib/libctru.a(gspgpu.o)
 .rodata.hidInit.str1.4
                0x00121410       0x15 /opt/devkitpro/libctru/lib/libctru.a(hid.o)
 .rodata.aptSendCommand.str1.4
                0x00121410       0x16 /opt/devkitpro/libctru/lib/libctru.a(apt.o)
 .rodata.morton_y.2
                0x00121410        0x8 /opt/devkitpro/libctru/lib/libctru.a(apt.o)
 .rodata.morton_x.3
                0x00121418        0x8 /opt/devkitpro/libctru/lib/libctru.a(apt.o)
 .rodata.s_sleepWakeEvents.4
                0x00121420        0x8 /opt/devkitpro/libctru/lib/libctru.a(apt.o)
 .rodata.__system_initArgv.str1.4
                0x00121428        0xa /opt/devkitpro/libctru/lib/libctru.a(initArgv.o)
 .rodata.default_font_bin
                0x00121428      0x800 /opt/devkitpro/libctru/lib/libctru.a(default_font.bin.o)
                0x00121428                default_font_bin
                0x00121c28                default_font_bin_end
 .rodata.srvInit.str1.4
                0x00121c28        0x5 /opt/devkitpro/libctru/lib/libctru.a(srv.o)
 .rodata.irrstInit.str1.4
                0x00121c28        0x7 /opt/devkitpro/libctru/lib/libctru.a(irrst.o)
 .rodata.ptmSysmInit.str1.4
                0x00121c28        0x9 /opt/devkitpro/libctru/lib/libctru.a(ptmsysm.o)
 .rodata.archive_utf16path.str1.4
                0x00121c28        0x2 /opt/devkitpro/libctru/lib/libctru.a(archive_dev.o)
 .rodata._archiveUnmountDeviceStruct.part.0.str1.4
                0x00121c28        0x2 /opt/devkitpro/libctru/lib/libctru.a(archive_dev.o)
 .rodata._archiveMountDevice.str1.4
                0x00121c28        0xc /opt/devkitpro/libctru/lib/libctru.a(archive_dev.o)
 .rodata.archiveMountSdmc.str1.4
                0x00121c28        0x5 /opt/devkitpro/libctru/lib/libctru.a(archive_dev.o)
 .rodata.error_table
                0x00121c28       0x30 /opt/devkitpro/libctru/lib/libctru.a(archive_dev.o)
 .rodata.str1.4
                0x00121c58        0x8 /opt/devkitpro/libctru/lib/libctru.a(archive_dev.o)
 .rodata.archive_devoptab
                0x00121c58       0x80 /opt/devkitpro/libctru/lib/libctru.a(archive_dev.o)
 .rodata.fsInit.str1.4
                0x00121cd8        0x8 /opt/devkitpro/libctru/lib/libctru.a(fs.o)
 .rodata.__ssvfscanf_r.str1.1
                0x00121cd8       0x40 /opt/devkitpro/devkitARM/bin/../lib/gcc/arm-none-eabi/13.2.0/../../../../arm-none-eabi/lib/armv6k/fpu/libc.a(libc_a-svfscanf.o)
                                  0x6 (size before relaxing)
 .rodata.basefix.0
                0x00121d18       0x22 /opt/devkitpro/devkitARM/bin/../lib/gcc/arm-none-eabi/13.2.0/../../../../arm-none-eabi/lib/armv6k/fpu/libc.a(libc_a-svfscanf.o)
 .rodata._vfprintf_r.str1.1
                0x00121d3a       0x3b /opt/devkitpro/devkitARM/bin/../lib/gcc/arm-none-eabi/13.2.0/../../../../arm-none-eabi/lib/armv6k/fpu/libc.a(libc_a-vfprintf.o)
 *fill*         0x00121d3a        0x2 
 .rodata.zeroes.0
                0x00121d3c       0x10 /opt/devkitpro/devkitARM/bin/../lib/gcc/arm-none-eabi/13.2.0/../../../../arm-none-eabi/lib/armv6k/fpu/libc.a(libc_a-vfprintf.o)
 .rodata.blanks.1
                0x00121d4c       0x10 /opt/devkitpro/devkitARM/bin/../lib/gcc/arm-none-eabi/13.2.0/../../../../arm-none-eabi/lib/armv6k/fpu/libc.a(libc_a-vfprintf.o)
 .rodata._strtod_l.str1.4
                0x00121d5c       0x15 /opt/devkitpro/devkitARM/bin/../lib/gcc/arm-none-eabi/13.2.0/../../../../arm-none-eabi/lib/armv6k/fpu/libc.a(libc_a-strtod.o)
 .rodata.fpinan.0
                0x00121d5c       0x14 /opt/devkitpro/devkitARM/bin/../lib/gcc/arm-none-eabi/13.2.0/../../../../arm-none-eabi/lib/armv6k/fpu/libc.a(libc_a-strtod.o)
 .rodata.fpi.1  0x00121d70       0x14 /opt/devkitpro/devkitARM/bin/../lib/gcc/arm-none-eabi/13.2.0/../../../../arm-none-eabi/lib/armv6k/fpu/libc.a(libc_a-strtod.o)
 *fill*         0x00121d84        0x4 
 .rodata.tinytens
                0x00121d88       0x28 /opt/devkitpro/devkitARM/bin/../lib/gcc/arm-none-eabi/13.2.0/../../../../arm-none-eabi/lib/armv6k/fpu/libc.a(libc_a-strtod.o)
 .rodata.str1.4
                0x00121db0       0x4c /opt/devkitpro/devkitARM/bin/../lib/gcc/arm-none-eabi/13.2.0/../../../../arm-none-eabi/lib/armv6k/fpu/libc.a(libc_a-locale.o)
 .rodata._mbrtowc_r.str1.4
                0x00121db0        0x1 /opt/devkitpro/devkitARM/bin/../lib/gcc/arm-none-eabi/13.2.0/../../../../arm-none-eabi/lib/armv6k/fpu/libc.a(libc_a-mbrtowc.o)
 .rodata._ctype_
                0x00121db0      0x101 /opt/devkitpro/devkitARM/bin/../lib/gcc/arm-none-eabi/13.2.0/../../../../arm-none-eabi/lib/armv6k/fpu/libc.a(libc_a-ctype_.o)
                0x00121db0                _ctype_
 *fill*         0x00121eb1        0x3 
 .rodata.categories
                0x00121eb4     0x3528 /opt/devkitpro/devkitARM/bin/../lib/gcc/arm-none-eabi/13.2.0/../../../../arm-none-eabi/lib/armv6k/fpu/libc.a(libc_a-categories.o)
 .rodata._vfiprintf_r.str1.1
                0x001253dc       0x29 /opt/devkitpro/devkitARM/bin/../lib/gcc/arm-none-eabi/13.2.0/../../../../arm-none-eabi/lib/armv6k/fpu/libc.a(libc_a-vfiprintf.o)
 .rodata.zeroes.0
                0x001253dc       0x10 /opt/devkitpro/devkitARM/bin/../lib/gcc/arm-none-eabi/13.2.0/../../../../arm-none-eabi/lib/armv6k/fpu/libc.a(libc_a-vfiprintf.o)
 .rodata.blanks.1
                0x001253ec       0x10 /opt/devkitpro/devkitARM/bin/../lib/gcc/arm-none-eabi/13.2.0/../../../../arm-none-eabi/lib/armv6k/fpu/libc.a(libc_a-vfiprintf.o)
 .rodata.__action_table
                0x001253fc       0x6c /opt/devkitpro/devkitARM/bin/../lib/gcc/arm-none-eabi/13.2.0/../../../../arm-none-eabi/lib/armv6k/fpu/libc.a(libc_a-svfiprintf.o)
                0x001253fc                __action_table
 .rodata.__state_table
                0x00125468       0x6c /opt/devkitpro/devkitARM/bin/../lib/gcc/arm-none-eabi/13.2.0/../../../../arm-none-eabi/lib/armv6k/fpu/libc.a(libc_a-svfiprintf.o)
                0x00125468                __state_table
 .rodata.__chclass
                0x001254d4      0x100 /opt/devkitpro/devkitARM/bin/../lib/gcc/arm-none-eabi/13.2.0/../../../../arm-none-eabi/lib/armv6k/fpu/libc.a(libc_a-svfiprintf.o)
                0x001254d4                __chclass
 .rodata.__gethex.str1.4
                0x001255d4       0x62 /opt/devkitpro/devkitARM/bin/../lib/gcc/arm-none-eabi/13.2.0/../../../../arm-none-eabi/lib/armv6k/fpu/libc.a(libc_a-gdtoa-gethex.o)
 .rodata.__hexdig
                0x001255d4      0x100 /opt/devkitpro/devkitARM/bin/../lib/gcc/arm-none-eabi/13.2.0/../../../../arm-none-eabi/lib/armv6k/fpu/libc.a(libc_a-gdtoa-gethex.o)
                0x001255d4                __hexdig
 .rodata._dtoa_r.str1.4
                0x001256d4       0x6a /opt/devkitpro/devkitARM/bin/../lib/gcc/arm-none-eabi/13.2.0/../../../../arm-none-eabi/lib/armv6k/fpu/libc.a(libc_a-dtoa.o)
 .rodata._svfprintf_r.str1.1
                0x001256d4       0x3b /opt/devkitpro/devkitARM/bin/../lib/gcc/arm-none-eabi/13.2.0/../../../../arm-none-eabi/lib/armv6k/fpu/libc.a(libc_a-svfprintf.o)
 .rodata.zeroes.0
                0x001256d4       0x10 /opt/devkitpro/devkitARM/bin/../lib/gcc/arm-none-eabi/13.2.0/../../../../arm-none-eabi/lib/armv6k/fpu/libc.a(libc_a-svfprintf.o)
 .rodata.blanks.1
                0x001256e4       0x10 /opt/devkitpro/devkitARM/bin/../lib/gcc/arm-none-eabi/13.2.0/../../../../arm-none-eabi/lib/armv6k/fpu/libc.a(libc_a-svfprintf.o)
 .rodata.__multadd.str1.4
                0x001256f4       0x57 /opt/devkitpro/devkitARM/bin/../lib/gcc/arm-none-eabi/13.2.0/../../../../arm-none-eabi/lib/armv6k/fpu/libc.a(libc_a-mprec.o)
 .rodata.p05.0  0x001256f4        0xc /opt/devkitpro/devkitARM/bin/../lib/gcc/arm-none-eabi/13.2.0/../../../../arm-none-eabi/lib/armv6k/fpu/libc.a(libc_a-mprec.o)
 .rodata.__mprec_bigtens
                0x00125700       0x28 /opt/devkitpro/devkitARM/bin/../lib/gcc/arm-none-eabi/13.2.0/../../../../arm-none-eabi/lib/armv6k/fpu/libc.a(libc_a-mprec.o)
                0x00125700                __mprec_bigtens
 .rodata.__mprec_tens
                0x00125728       0xc8 /opt/devkitpro/devkitARM/bin/../lib/gcc/arm-none-eabi/13.2.0/../../../../arm-none-eabi/lib/armv6k/fpu/libc.a(libc_a-mprec.o)
                0x00125728                __mprec_tens
 .rodata.__assert_func.str1.4
                0x001257f0       0x43 /opt/devkitpro/devkitARM/bin/../lib/gcc/arm-none-eabi/13.2.0/../../../../arm-none-eabi/lib/armv6k/fpu/libc.a(libc_a-assert.o)
 .rodata.AddDevice.str1.4
                0x001257f0        0x8 /opt/devkitpro/devkitARM/bin/../lib/gcc/arm-none-eabi/13.2.0/../../../../arm-none-eabi/lib/armv6k/fpu/libsysbase.a(libsysbase_libsysbase_a-iosupport.o)
 .rodata.dotab_stdnull
                0x001257f0       0x80 /opt/devkitpro/devkitARM/bin/../lib/gcc/arm-none-eabi/13.2.0/../../../../arm-none-eabi/lib/armv6k/fpu/libsysbase.a(libsysbase_libsysbase_a-iosupport.o)
                0x001257f0                dotab_stdnull
 *all.rodata*(*)
 *(.gnu.linkonce.r*)
                0x00125870                        . = ALIGN (0x4)
                0x00125870                        __tdata_align = .
                0x00125870        0x4 LONG 0x4 ALIGNOF (.tdata)
                0x00125874                        . = ALIGN (0x4)

.eh_frame       0x00125874        0x0
 .eh_frame      0x00125874        0x0 /opt/devkitpro/devkitARM/bin/../lib/gcc/arm-none-eabi/13.2.0/armv6k/fpu/crtbegin.o

.rel.dyn        0x00125874        0x0
 .rel.iplt      0x00125874        0x0 /opt/devkitpro/devkitARM/bin/../lib/gcc/arm-none-eabi/13.2.0/../../../../arm-none-eabi/lib/armv6k/fpu/3dsx_crt0.o
 .rel.got       0x00125874        0x0 /opt/devkitpro/devkitARM/bin/../lib/gcc/arm-none-eabi/13.2.0/../../../../arm-none-eabi/lib/armv6k/fpu/3dsx_crt0.o

.ARM.extab
 *(.ARM.extab* .gnu.linkonce.armextab.*)
                0x00125874                        __exidx_start = .

ARM.exidx
 *(.ARM.exidx* .gnu.linkonce.armexidx.*)
                0x00125874                        __exidx_end = .
                0x00126000                        . = ALIGN (0x1000)

.data           0x00126000     0x1be4
 *(.data)
 .data          0x00126000       0x1c main.o
                0x00126000                menuStuff
                0x0012600c                NOT_gate
                0x00126014                AND_gate
 *(.data.*)
 .data.firstConsoleInit.0
                0x0012601c        0x1 /opt/devkitpro/libctru/lib/libctru.a(console.o)
 *fill*         0x0012601d        0x3 
 .data.currentConsole
                0x00126020        0x4 /opt/devkitpro/libctru/lib/libctru.a(console.o)
                0x00126020                currentConsole
 .data.defaultConsole
                0x00126024       0x48 /opt/devkitpro/libctru/lib/libctru.a(console.o)
                0x00126024                defaultConsole
 .data.kCount   0x0012606c        0x4 /opt/devkitpro/libctru/lib/libctru.a(hid.o)
 .data.kInterval
                0x00126070        0x4 /opt/devkitpro/libctru/lib/libctru.a(hid.o)
 .data.kDelay   0x00126074        0x4 /opt/devkitpro/libctru/lib/libctru.a(hid.o)
 .data.aptChainloadDeliverArgSize
                0x00126078        0x4 /opt/devkitpro/libctru/lib/libctru.a(apt.o)
 .data.__stacksize__
                0x0012607c        0x4 /opt/devkitpro/libctru/lib/libctru.a(stack_adjust.o)
                0x0012607c                __stacksize__
 .data.__malloc_sbrk_base
                0x00126080        0x4 /opt/devkitpro/devkitARM/bin/../lib/gcc/arm-none-eabi/13.2.0/../../../../arm-none-eabi/lib/armv6k/fpu/libc.a(libc_a-mallocr.o)
                0x00126080                __malloc_sbrk_base
 .data.__malloc_trim_threshold
                0x00126084        0x4 /opt/devkitpro/devkitARM/bin/../lib/gcc/arm-none-eabi/13.2.0/../../../../arm-none-eabi/lib/armv6k/fpu/libc.a(libc_a-mallocr.o)
                0x00126084                __malloc_trim_threshold
 .data.__malloc_av_
                0x00126088      0x408 /opt/devkitpro/devkitARM/bin/../lib/gcc/arm-none-eabi/13.2.0/../../../../arm-none-eabi/lib/armv6k/fpu/libc.a(libc_a-mallocr.o)
                0x00126088                __malloc_av_
 .data.__sglue  0x00126490        0xc /opt/devkitpro/devkitARM/bin/../lib/gcc/arm-none-eabi/13.2.0/../../../../arm-none-eabi/lib/armv6k/fpu/libc.a(libc_a-findfp.o)
                0x00126490                __sglue
 .data.__global_locale
                0x0012649c      0x16c /opt/devkitpro/devkitARM/bin/../lib/gcc/arm-none-eabi/13.2.0/../../../../arm-none-eabi/lib/armv6k/fpu/libc.a(libc_a-locale.o)
                0x0012649c                __global_locale
 .data._impure_ptr
                0x00126608        0x4 /opt/devkitpro/devkitARM/bin/../lib/gcc/arm-none-eabi/13.2.0/../../../../arm-none-eabi/lib/armv6k/fpu/libc.a(libc_a-impure.o)
                0x00126608                _impure_ptr
 *fill*         0x0012660c        0x4 
 .data._impure_data
                0x00126610      0x120 /opt/devkitpro/devkitARM/bin/../lib/gcc/arm-none-eabi/13.2.0/../../../../arm-none-eabi/lib/armv6k/fpu/libc.a(libc_a-impure.o)
                0x00126610                _impure_data
 .data._current_working_directory
                0x00126730      0x400 /opt/devkitpro/devkitARM/bin/../lib/gcc/arm-none-eabi/13.2.0/../../../../arm-none-eabi/lib/armv6k/fpu/libsysbase.a(libsysbase_libsysbase_a-chdir.o)
 .data.handles  0x00126b30     0x1000 /opt/devkitpro/devkitARM/bin/../lib/gcc/arm-none-eabi/13.2.0/../../../../arm-none-eabi/lib/armv6k/fpu/libsysbase.a(libsysbase_libsysbase_a-handle_manager.o)
 .data.__stderr_handle
                0x00127b30        0xc /opt/devkitpro/devkitARM/bin/../lib/gcc/arm-none-eabi/13.2.0/../../../../arm-none-eabi/lib/armv6k/fpu/libsysbase.a(libsysbase_libsysbase_a-handle_manager.o)
 .data.__stdout_handle
                0x00127b3c        0xc /opt/devkitpro/devkitARM/bin/../lib/gcc/arm-none-eabi/13.2.0/../../../../arm-none-eabi/lib/armv6k/fpu/libsysbase.a(libsysbase_libsysbase_a-handle_manager.o)
 .data.__stdin_handle
                0x00127b48        0xc /opt/devkitpro/devkitARM/bin/../lib/gcc/arm-none-eabi/13.2.0/../../../../arm-none-eabi/lib/armv6k/fpu/libsysbase.a(libsysbase_libsysbase_a-handle_manager.o)
 .data.devoptab_list
                0x00127b54       0x8c /opt/devkitpro/devkitARM/bin/../lib/gcc/arm-none-eabi/13.2.0/../../../../arm-none-eabi/lib/armv6k/fpu/libsysbase.a(libsysbase_libsysbase_a-iosupport.o)
                0x00127b54                devoptab_list
 .data.defaultDevice
                0x00127be0        0x4 /opt/devkitpro/devkitARM/bin/../lib/gcc/arm-none-eabi/13.2.0/../../../../arm-none-eabi/lib/armv6k/fpu/libsysbase.a(libsysbase_libsysbase_a-iosupport.o)
 *(.gnu.linkonce.d*)
                0x00127be4                        . = ALIGN (0x4)

.igot.plt       0x00127be4        0x0
 .igot.plt      0x00127be4        0x0 /opt/devkitpro/devkitARM/bin/../lib/gcc/arm-none-eabi/13.2.0/../../../../arm-none-eabi/lib/armv6k/fpu/3dsx_crt0.o

.got            0x00127be4        0x8
 .got           0x00127be4        0x8 /opt/devkitpro/devkitARM/bin/../lib/gcc/arm-none-eabi/13.2.0/../../../../arm-none-eabi/lib/armv6k/fpu/3dsx_crt0.o

.got.plt        0x00127bec        0xc
 .got.plt       0x00127bec        0xc /opt/devkitpro/devkitARM/bin/../lib/gcc/arm-none-eabi/13.2.0/../../../../arm-none-eabi/lib/armv6k/fpu/3dsx_crt0.o
                0x00127bec                _GLOBAL_OFFSET_TABLE_

.tdata          0x00127bf8        0x0
                0x00127bf8                        __tdata_lma = .
 *(.tdata)
 *(.tdata.*)
 *(.gnu.linkonce.td.*)
                0x00127bf8                        . = ALIGN (0x4)
                0x00127bf8                        __tdata_lma_end = .

.tbss           0x00127bf8      0xc08
 *(.tbss)
 *(.tbss.*)
 .tbss.__ctru_dev_utf16_buf
                0x00127bf8      0x802 /opt/devkitpro/libctru/lib/libctru.a(path_buf.o)
                0x00127bf8                __ctru_dev_utf16_buf
 *fill*         0x001283fa        0x2 
 .tbss.__ctru_dev_path_buf
                0x001283fc      0x401 /opt/devkitpro/libctru/lib/libctru.a(path_buf.o)
                0x001283fc                __ctru_dev_path_buf
 *(.gnu.linkonce.tb.*)
 *(.tcommon)
                0x00128800                        . = ALIGN (0x4)
 *fill*         0x001287fd        0x3 

.preinit_array  0x00127bf8        0x0
                0x00127bf8                        PROVIDE (__preinit_array_start = .)
 *(.preinit_array)
                0x00127bf8                        PROVIDE (__preinit_array_end = .)

.init_array     0x00127bf8        0x4
                0x00127bf8                        PROVIDE (__init_array_start = .)
 *(SORT_BY_NAME(.init_array.*))
 *(.init_array)
 .init_array    0x00127bf8        0x4 /opt/devkitpro/devkitARM/bin/../lib/gcc/arm-none-eabi/13.2.0/armv6k/fpu/crtbegin.o
                0x00127bfc                        PROVIDE (__init_array_end = .)

.fini_array     0x00127bfc        0x4
                0x00127bfc                        PROVIDE (__fini_array_start = .)
 *(.fini_array)
 .fini_array    0x00127bfc        0x4 /opt/devkitpro/devkitARM/bin/../lib/gcc/arm-none-eabi/13.2.0/armv6k/fpu/crtbegin.o
 *(SORT_BY_NAME(.fini_array.*))
                0x00127c00                        PROVIDE (__fini_array_end = .)

.ctors
 *crtbegin.o(.ctors)
 *(EXCLUDE_FILE(*crtend.o) .ctors)
 *(SORT_BY_NAME(.ctors.*))
 *(.ctors)

.dtors
 *crtbegin.o(.dtors)
 *(EXCLUDE_FILE(*crtend.o) .dtors)
 *(SORT_BY_NAME(.dtors.*))
 *(.dtors)
                0x00127c00                        __bss_start__ = .

.bss            0x00127c00     0x2dcc
 *(.dynbss)
 *(.bss)
 .bss           0x00127c00        0x8 main.o
                0x00127c00                menucount
                0x00127c04                menubar
 *(.bss.*)
 .bss.completed.1
                0x00127c08        0x1 /opt/devkitpro/devkitARM/bin/../lib/gcc/arm-none-eabi/13.2.0/armv6k/fpu/crtbegin.o
 *fill*         0x00127c09        0x3 
 .bss.object.0  0x00127c0c       0x18 /opt/devkitpro/devkitARM/bin/../lib/gcc/arm-none-eabi/13.2.0/armv6k/fpu/crtbegin.o
 .bss.currentCopy
                0x00127c24       0x48 /opt/devkitpro/libctru/lib/libctru.a(console.o)
                0x00127c24                currentCopy
 .bss.screenAlloc
                0x00127c6c        0x4 /opt/devkitpro/libctru/lib/libctru.a(gfx.o)
 .bss.screenFree
                0x00127c70        0x4 /opt/devkitpro/libctru/lib/libctru.a(gfx.o)
 .bss.gfxIsDoubleBuf
                0x00127c74        0x2 /opt/devkitpro/libctru/lib/libctru.a(gfx.o)
 *fill*         0x00127c76        0x2 
 .bss.gfxCurBuf
                0x00127c78        0x2 /opt/devkitpro/libctru/lib/libctru.a(gfx.o)
 .bss.gfxIsVram
                0x00127c7a        0x1 /opt/devkitpro/libctru/lib/libctru.a(gfx.o)
 .bss.gfxTopMode
                0x00127c7b        0x1 /opt/devkitpro/libctru/lib/libctru.a(gfx.o)
 .bss.gfxFramebufferFormats
                0x00127c7c        0x2 /opt/devkitpro/libctru/lib/libctru.a(gfx.o)
 *fill*         0x00127c7e        0x2 
 .bss.gfxBottomFramebufferMaxSize
                0x00127c80        0x4 /opt/devkitpro/libctru/lib/libctru.a(gfx.o)
 .bss.gfxTopFramebufferMaxSize
                0x00127c84        0x4 /opt/devkitpro/libctru/lib/libctru.a(gfx.o)
 .bss.gfxBottomFramebuffers